Archive member included to satisfy reference by file (symbol)

app/libapp.a(main.c.obj)      (--whole-archive)
zephyr/libzephyr.a(heap.c.obj)
                              (--whole-archive)
zephyr/libzephyr.a(cbprintf_packaged.c.obj)
                              (--whole-archive)
zephyr/libzephyr.a(printk.c.obj)
                              (--whole-archive)
zephyr/libzephyr.a(sem.c.obj)
                              (--whole-archive)
zephyr/libzephyr.a(thread_entry.c.obj)
                              (--whole-archive)
zephyr/libzephyr.a(cbprintf_complete.c.obj)
                              (--whole-archive)
zephyr/libzephyr.a(cbprintf.c.obj)
                              (--whole-archive)
zephyr/libzephyr.a(assert.c.obj)
                              (--whole-archive)
zephyr/libzephyr.a(dec.c.obj)
                              (--whole-archive)
zephyr/libzephyr.a(hex.c.obj)
                              (--whole-archive)
zephyr/libzephyr.a(rb.c.obj)  (--whole-archive)
zephyr/libzephyr.a(timeutil.c.obj)
                              (--whole-archive)
zephyr/libzephyr.a(bitarray.c.obj)
                              (--whole-archive)
zephyr/libzephyr.a(configs.c.obj)
                              (--whole-archive)
zephyr/libzephyr.a(tracing_none.c.obj)
                              (--whole-archive)
zephyr/arch/arch/posix/core/libarch__posix__core.a(cpuhalt.c.obj)
                              (--whole-archive)
zephyr/arch/arch/posix/core/libarch__posix__core.a(fatal.c.obj)
                              (--whole-archive)
zephyr/arch/arch/posix/core/libarch__posix__core.a(irq.c.obj)
                              (--whole-archive)
zephyr/arch/arch/posix/core/libarch__posix__core.a(swap.c.obj)
                              (--whole-archive)
zephyr/arch/arch/posix/core/libarch__posix__core.a(thread.c.obj)
                              (--whole-archive)
zephyr/arch/arch/posix/core/libarch__posix__core.a(posix_core_nsi.c.obj)
                              (--whole-archive)
zephyr/arch/arch/posix/core/libarch__posix__core.a(nsi_compat.c.obj)
                              (--whole-archive)
zephyr/arch/arch/posix/core/libarch__posix__core.a(nct.c.obj)
                              (--whole-archive)
zephyr/arch/arch/posix/core/libarch__posix__core.a(nce.c.obj)
                              (--whole-archive)
zephyr/arch/arch/posix/core/libarch__posix__core.a(nsi_host_trampolines.c.obj)
                              (--whole-archive)
zephyr/soc/soc/native/libsoc__native__inf_clock.a(soc.c.obj)
                              (--whole-archive)
zephyr/soc/soc/native/libsoc__native__inf_clock.a(native_tasks.c.obj)
                              (--whole-archive)
zephyr/soc/soc/native/libsoc__native__inf_clock.a(native_remap.c.obj)
                              (--whole-archive)
zephyr/boards/native/native_posix/libboards__native__native_posix.a(hw_models_top.c.obj)
                              (--whole-archive)
zephyr/boards/native/native_posix/libboards__native__native_posix.a(timer_model.c.obj)
                              (--whole-archive)
zephyr/boards/native/native_posix/libboards__native__native_posix.a(native_rtc.c.obj)
                              (--whole-archive)
zephyr/boards/native/native_posix/libboards__native__native_posix.a(irq_handler.c.obj)
                              (--whole-archive)
zephyr/boards/native/native_posix/libboards__native__native_posix.a(irq_ctrl.c.obj)
                              (--whole-archive)
zephyr/boards/native/native_posix/libboards__native__native_posix.a(main.c.obj)
                              (--whole-archive)
zephyr/boards/native/native_posix/libboards__native__native_posix.a(tracing.c.obj)
                              (--whole-archive)
zephyr/boards/native/native_posix/libboards__native__native_posix.a(cmdline_common.c.obj)
                              (--whole-archive)
zephyr/boards/native/native_posix/libboards__native__native_posix.a(cmdline.c.obj)
                              (--whole-archive)
zephyr/boards/native/native_posix/libboards__native__native_posix.a(cpu_wait.c.obj)
                              (--whole-archive)
zephyr/boards/native/native_posix/libboards__native__native_posix.a(hw_counter.c.obj)
                              (--whole-archive)
zephyr/drivers/console/libdrivers__console.a(posix_arch_console.c.obj)
                              (--whole-archive)
zephyr/drivers/rtc/libdrivers__rtc.a(rtc_utils.c.obj)
                              (--whole-archive)
zephyr/drivers/rtc/libdrivers__rtc.a(rtc_emul.c.obj)
                              (--whole-archive)
zephyr/drivers/timer/libdrivers__timer.a(sys_clock_init.c.obj)
                              (--whole-archive)
zephyr/drivers/timer/libdrivers__timer.a(native_posix_timer.c.obj)
                              (--whole-archive)
zephyr/kernel/libkernel.a(device.c.obj)
                              app/libapp.a(main.c.obj) (z_impl_device_is_ready)
zephyr/kernel/libkernel.a(fatal.c.obj)
[...]
Memory Configuration

Name             Origin             Length             Attributes
*default*        0x00000000         0xffffffff

Linker script and memory map

                [!provide]                        PROVIDE (__executable_start = SEGMENT_START ("text-segment", 0x8048000))
                0x08048194                        . = (SEGMENT_START ("text-segment", 0x8048000) + SIZEOF_HEADERS)

.interp         0x08048194       0x13
 *(SORT_BY_ALIGNMENT(.interp))
 .interp        0x08048194       0x13 /usr/lib/gcc/x86_64-linux-gnu/13/../../../../lib32/Scrt1.o

.note.ABI-tag   0x080481a8       0x20
 .note.ABI-tag  0x080481a8       0x20 /usr/lib/gcc/x86_64-linux-gnu/13/../../../../lib32/Scrt1.o

.note.gnu.build-id
 *(SORT_BY_ALIGNMENT(.note.gnu.build-id))

.hash
 *(SORT_BY_ALIGNMENT(.hash))

.gnu.hash       0x080481c8       0x30
 *(SORT_BY_ALIGNMENT(.gnu.hash))
 .gnu.hash      0x080481c8       0x30 /usr/lib/gcc/x86_64-linux-gnu/13/../../../../lib32/Scrt1.o

.dynsym         0x080481f8      0x310
 *(SORT_BY_ALIGNMENT(.dynsym))
 .dynsym        0x080481f8      0x310 /usr/lib/gcc/x86_64-linux-gnu/13/../../../../lib32/Scrt1.o

.dynstr         0x08048508      0x2e3
 *(SORT_BY_ALIGNMENT(.dynstr))
 .dynstr        0x08048508      0x2e3 /usr/lib/gcc/x86_64-linux-gnu/13/../../../../lib32/Scrt1.o

.gnu.version    0x080487ec       0x62
 *(SORT_BY_ALIGNMENT(.gnu.version))
 .gnu.version   0x080487ec       0x62 /usr/lib/gcc/x86_64-linux-gnu/13/../../../../lib32/Scrt1.o

.gnu.version_d  0x08048850        0x0
 *(SORT_BY_ALIGNMENT(.gnu.version_d))
 .gnu.version_d
                0x08048850        0x0 /usr/lib/gcc/x86_64-linux-gnu/13/../../../../lib32/Scrt1.o

.gnu.version_r  0x08048850       0x90
 *(SORT_BY_ALIGNMENT(.gnu.version_r))
 .gnu.version_r
                0x08048850       0x90 /usr/lib/gcc/x86_64-linux-gnu/13/../../../../lib32/Scrt1.o

.rel.dyn        0x080488e0       0x30
 *(SORT_BY_ALIGNMENT(.rel.init))
 *(SORT_BY_ALIGNMENT(.rel.text) SORT_BY_ALIGNMENT(.rel.text.*) SORT_BY_ALIGNMENT(.rel.gnu.linkonce.t.*))
 .rel.text._posix_zephyr_main
                0x080488e0        0x0 /usr/lib/gcc/x86_64-linux-gnu/13/../../../../lib32/Scrt1.o
 .rel.text.extract_decimal
                0x080488e0        0x0 /usr/lib/gcc/x86_64-linux-gnu/13/../../../../lib32/Scrt1.o
 .rel.text.encode_uint
                0x080488e0        0x0 /usr/lib/gcc/x86_64-linux-gnu/13/../../../../lib32/Scrt1.o
 .rel.text.z_cbvprintf_impl
                0x080488e0        0x0 /usr/lib/gcc/x86_64-linux-gnu/13/../../../../lib32/Scrt1.o
 .rel.text.nct_cleanup_handler
                0x080488e0        0x0 /usr/lib/gcc/x86_64-linux-gnu/13/../../../../lib32/Scrt1.o
 .rel.text.nct_exit_and_cleanup
                0x080488e0        0x0 /usr/lib/gcc/x86_64-linux-gnu/13/../../../../lib32/Scrt1.o
 .rel.text.nct_wait_until_allowed
                0x080488e0        0x0 /usr/lib/gcc/x86_64-linux-gnu/13/../../../../lib32/Scrt1.o
 .rel.text.nct_thread_starter
                0x080488e0        0x0 /usr/lib/gcc/x86_64-linux-gnu/13/../../../../lib32/Scrt1.o
 .rel.text.nct_swap_threads
                0x080488e0        0x0 /usr/lib/gcc/x86_64-linux-gnu/13/../../../../lib32/Scrt1.o
 .rel.text.nct_first_thread_start
                0x080488e0        0x0 /usr/lib/gcc/x86_64-linux-gnu/13/../../../../lib32/Scrt1.o
 .rel.text.nct_new_thread
                0x080488e0        0x0 /usr/lib/gcc/x86_64-linux-gnu/13/../../../../lib32/Scrt1.o
 .rel.text.nct_init
                0x080488e0        0x0 /usr/lib/gcc/x86_64-linux-gnu/13/../../../../lib32/Scrt1.o
 .rel.text.sw_wrapper
                0x080488e0        0x0 /usr/lib/gcc/x86_64-linux-gnu/13/../../../../lib32/Scrt1.o
 .rel.text.change_cpu_state_and_wait
                0x080488e0        0x0 /usr/lib/gcc/x86_64-linux-gnu/13/../../../../lib32/Scrt1.o
 .rel.text.nce_init
                0x080488e0        0x0 /usr/lib/gcc/x86_64-linux-gnu/13/../../../../lib32/Scrt1.o
 .rel.text.nce_terminate
                0x080488e0        0x0 /usr/lib/gcc/x86_64-linux-gnu/13/../../../../lib32/Scrt1.o
 .rel.text.nce_boot_cpu
                0x080488e0        0x0 /usr/lib/gcc/x86_64-linux-gnu/13/../../../../lib32/Scrt1.o
 .rel.text.hwm_set_sig_handler
                0x080488e0        0x0 /usr/lib/gcc/x86_64-linux-gnu/13/../../../../lib32/Scrt1.o
 .rel.text.get_host_us_time
                0x080488e0        0x0 /usr/lib/gcc/x86_64-linux-gnu/13/../../../../lib32/Scrt1.o
 .rel.text.hwtimer_init
                0x080488e0        0x0 /usr/lib/gcc/x86_64-linux-gnu/13/../../../../lib32/Scrt1.o
 .rel.text.hwtimer_timer_reached
                0x080488e0        0x0 /usr/lib/gcc/x86_64-linux-gnu/13/../../../../lib32/Scrt1.o
 .rel.text.posix_exit
                0x080488e0        0x0 /usr/lib/gcc/x86_64-linux-gnu/13/../../../../lib32/Scrt1.o
 .rel.text.posix_init
                0x080488e0        0x0 /usr/lib/gcc/x86_64-linux-gnu/13/../../../../lib32/Scrt1.o
 .rel.text.decide_about_color
                0x080488e0        0x0 /usr/lib/gcc/x86_64-linux-gnu/13/../../../../lib32/Scrt1.o
 .rel.text.posix_vprint_error_and_exit
                0x080488e0        0x0 /usr/lib/gcc/x86_64-linux-gnu/13/../../../../lib32/Scrt1.o
 .rel.text.posix_vprint_trace
                0x080488e0        0x0 /usr/lib/gcc/x86_64-linux-gnu/13/../../../../lib32/Scrt1.o
 .rel.text.posix_print_warning
                0x080488e0        0x0 /usr/lib/gcc/x86_64-linux-gnu/13/../../../../lib32/Scrt1.o
 .rel.text.posix_print_trace
                0x080488e0        0x0 /usr/lib/gcc/x86_64-linux-gnu/13/../../../../lib32/Scrt1.o
 .rel.text.cmd_gen_switch_syntax.constprop.0
                0x080488e0        0x0 /usr/lib/gcc/x86_64-linux-gnu/13/../../../../lib32/Scrt1.o
 .rel.text.cmd_is_option
                0x080488e0        0x0 /usr/lib/gcc/x86_64-linux-gnu/13/../../../../lib32/Scrt1.o
 .rel.text.cmd_is_help_option
                0x080488e0        0x0 /usr/lib/gcc/x86_64-linux-gnu/13/../../../../lib32/Scrt1.o
 .rel.text.cmd_read_option_value
                0x080488e0        0x0 /usr/lib/gcc/x86_64-linux-gnu/13/../../../../lib32/Scrt1.o
 .rel.text.cmd_print_switches_help
                0x080488e0        0x0 /usr/lib/gcc/x86_64-linux-gnu/13/../../../../lib32/Scrt1.o
 .rel.text.cmd_print_long_help
                0x080488e0        0x0 /usr/lib/gcc/x86_64-linux-gnu/13/../../../../lib32/Scrt1.o
 .rel.text.native_cleanup_cmd_line
                0x080488e0        0x0 /usr/lib/gcc/x86_64-linux-gnu/13/../../../../lib32/Scrt1.o
 .rel.text.native_add_command_line_opts
                0x080488e0        0x0 /usr/lib/gcc/x86_64-linux-gnu/13/../../../../lib32/Scrt1.o
 .rel.text.z_fatal_error
                0x080488e0        0x0 /usr/lib/gcc/x86_64-linux-gnu/13/../../../../lib32/Scrt1.o
 .rel.text.bg_thread_main
                0x080488e0        0x0 /usr/lib/gcc/x86_64-linux-gnu/13/../../../../lib32/Scrt1.o
 .rel.text.work_timeout
                0x080488e0        0x0 /usr/lib/gcc/x86_64-linux-gnu/13/../../../../lib32/Scrt1.o
 .rel.text.k_sys_work_q_init
                0x080488e0        0x0 /usr/lib/gcc/x86_64-linux-gnu/13/../../../../lib32/Scrt1.o
 *(SORT_BY_ALIGNMENT(.rel.fini))
 *(SORT_BY_ALIGNMENT(.rel.rodata) SORT_BY_ALIGNMENT(.rel.rodata.*) SORT_BY_ALIGNMENT(.rel.gnu.linkonce.r.*))
 .rel.rodata.native_pre_tasks.0
                0x080488e0        0x0 /usr/lib/gcc/x86_64-linux-gnu/13/../../../../lib32/Scrt1.o
 .rel.rodata.levels.0
                0x080488e0        0x0 /usr/lib/gcc/x86_64-linux-gnu/13/../../../../lib32/Scrt1.o
 *(SORT_BY_ALIGNMENT(.rel.data.rel.ro) SORT_BY_ALIGNMENT(.rel.data.rel.ro.*) SORT_BY_ALIGNMENT(.rel.gnu.linkonce.d.rel.ro.*))
 .rel.data.rel.ro
                0x080488e0        0x0 /usr/lib/gcc/x86_64-linux-gnu/13/../../../../lib32/Scrt1.o
 *(SORT_BY_ALIGNMENT(.rel.data) SORT_BY_ALIGNMENT(.rel.data.*) SORT_BY_ALIGNMENT(.rel.gnu.linkonce.d.*))
 .rel.data._char_out
                0x080488e0        0x0 /usr/lib/gcc/x86_64-linux-gnu/13/../../../../lib32/Scrt1.o
 *(SORT_BY_ALIGNMENT(.rel.tdata) SORT_BY_ALIGNMENT(.rel.tdata.*) SORT_BY_ALIGNMENT(.rel.gnu.linkonce.td.*))
 *(SORT_BY_ALIGNMENT(.rel.tbss) SORT_BY_ALIGNMENT(.rel.tbss.*) SORT_BY_ALIGNMENT(.rel.gnu.linkonce.tb.*))
 *(SORT_BY_ALIGNMENT(.rel.ctors))
 *(SORT_BY_ALIGNMENT(.rel.dtors))
 *(SORT_BY_ALIGNMENT(.rel.got))
 .rel.got       0x080488e0       0x20 /usr/lib/gcc/x86_64-linux-gnu/13/../../../../lib32/Scrt1.o
 *(SORT_BY_ALIGNMENT(.rel.bss) SORT_BY_ALIGNMENT(.rel.bss.*) SORT_BY_ALIGNMENT(.rel.gnu.linkonce.b.*))
 .rel.bss       0x08048900       0x10 /usr/lib/gcc/x86_64-linux-gnu/13/../../../../lib32/Scrt1.o
 *(SORT_BY_ALIGNMENT(.rel.ifunc))

.rel.plt        0x08048910      0x148
 *(SORT_BY_ALIGNMENT(.rel.plt))
 .rel.plt       0x08048910      0x148 /usr/lib/gcc/x86_64-linux-gnu/13/../../../../lib32/Scrt1.o
                [!provide]                        PROVIDE (__rel_iplt_start = .)
 *(SORT_BY_ALIGNMENT(.rel.iplt))
 .rel.iplt      0x08048a58        0x0 /usr/lib/gcc/x86_64-linux-gnu/13/../../../../lib32/Scrt1.o
                [!provide]                        PROVIDE (__rel_iplt_end = .)

.relr.dyn
 *(SORT_BY_ALIGNMENT(.relr.dyn))
                0x08049000                        . = ALIGN (CONSTANT (MAXPAGESIZE))

.init           0x08049000       0x20
 *(SORT_NONE(.init))
 .init          0x08049000       0x1b /usr/lib/gcc/x86_64-linux-gnu/13/../../../../lib32/crti.o
                0x08049000                _init
 .init          0x0804901b        0x5 /usr/lib/gcc/x86_64-linux-gnu/13/../../../../lib32/crtn.o

.plt            0x08049020      0x2a0
 *(SORT_BY_ALIGNMENT(.plt))
 .plt           0x08049020      0x2a0 /usr/lib/gcc/x86_64-linux-gnu/13/../../../../lib32/Scrt1.o
                0x08049030                sigemptyset@@GLIBC_2.0
                0x08049040                pthread_exit@@GLIBC_2.0
                0x08049050                clock_gettime@@GLIBC_2.17
                0x08049060                __fprintf_chk@@GLIBC_2.3.4
                0x08049070                realloc@@GLIBC_2.0
                0x08049080                strtod@@GLIBC_2.0
                0x08049090                calloc@@GLIBC_2.0
                0x080490a0                strtoll@@GLIBC_2.0
                0x080490b0                strtol@@GLIBC_2.0
                0x080490c0                pthread_create@@GLIBC_2.34
                0x080490d0                free@@GLIBC_2.0
                0x080490e0                strtoull@@GLIBC_2.0
                0x080490f0                sigaction@@GLIBC_2.0
                0x08049100                pthread_cond_init@@GLIBC_2.3.2
                0x08049110                __vfprintf_chk@@GLIBC_2.3.4
                0x08049120                __ctype_b_loc@@GLIBC_2.3
                0x08049130                pthread_mutex_unlock@@GLIBC_2.0
                0x08049140                isatty@@GLIBC_2.0
                0x08049150                nanosleep@@GLIBC_2.0
                0x08049160                strtoul@@GLIBC_2.0
                0x08049170                strlen@@GLIBC_2.0
                0x08049180                pthread_detach@@GLIBC_2.34
                0x08049190                pthread_mutex_init@@GLIBC_2.0
                0x080491a0                strcasecmp@@GLIBC_2.0
                0x080491b0                __pthread_unregister_cancel@@GLIBC_2.34
                0x080491c0                setvbuf@@GLIBC_2.0
                0x080491d0                pthread_mutex_lock@@GLIBC_2.0
                0x080491e0                __stack_chk_fail@@GLIBC_2.4
                0x080491f0                strnlen@@GLIBC_2.0
                0x08049200                sleep@@GLIBC_2.0
                0x08049210                pthread_cond_wait@@GLIBC_2.3.2
                0x08049220                __snprintf_chk@@GLIBC_2.3.4
                0x08049230                __pthread_unwind_next@@GLIBC_2.34
                0x08049240                snprintf@@GLIBC_2.0
                0x08049250                __pthread_register_cancel@@GLIBC_2.34
                0x08049260                __libc_start_main@@GLIBC_2.34
                0x08049270                pthread_cond_broadcast@@GLIBC_2.3.2
                0x08049280                strcmp@@GLIBC_2.0
                0x08049290                __sigsetjmp@@GLIBC_2.0
                0x080492a0                exit@@GLIBC_2.0
                0x080492b0                pthread_self@@GLIBC_2.0
 *(SORT_BY_ALIGNMENT(.iplt))
 .iplt          0x080492c0        0x0 /usr/lib/gcc/x86_64-linux-gnu/13/../../../../lib32/Scrt1.o

.plt.got        0x080492c0        0x8
 *(SORT_BY_ALIGNMENT(.plt.got))
 .plt.got       0x080492c0        0x8 /usr/lib/gcc/x86_64-linux-gnu/13/../../../../lib32/Scrt1.o
                0x080492c0                __cxa_finalize@@GLIBC_2.1.3

.plt.sec
 *(SORT_BY_ALIGNMENT(.plt.sec))

.text           0x080492d0     0x4d7d
 *(SORT_BY_ALIGNMENT(.text.unlikely) SORT_BY_ALIGNMENT(.text.*_unlikely) SORT_BY_ALIGNMENT(.text.unlikely.*))
 *(SORT_BY_ALIGNMENT(.text.exit) SORT_BY_ALIGNMENT(.text.exit.*))
 *(SORT_BY_ALIGNMENT(.text.startup) SORT_BY_ALIGNMENT(.text.startup.*))
 *(SORT_BY_ALIGNMENT(.text.hot) SORT_BY_ALIGNMENT(.text.hot.*))
 *(SORT_BY_NAME(SORT_BY_ALIGNMENT(.text.sorted.*)))
 *(SORT_BY_ALIGNMENT(.text) SORT_BY_ALIGNMENT(.stub) SORT_BY_ALIGNMENT(.text.*) SORT_BY_ALIGNMENT(.gnu.linkonce.t.*))
 .text          0x080492d0       0x2c /usr/lib/gcc/x86_64-linux-gnu/13/../../../../lib32/Scrt1.o
                0x080492d0                _start
 *fill*         0x080492fc        0x4 
 .text.__x86.get_pc_thunk.bx
                0x08049300        0x4 /usr/lib/gcc/x86_64-linux-gnu/13/../../../../lib32/crti.o
                0x08049300                __x86.get_pc_thunk.bx
 *fill*         0x08049304        0xc 
 .text          0x08049310       0xe9 /usr/lib/gcc/x86_64-linux-gnu/13/32/crtbeginS.o
 *fill*         0x080493f9        0x7 
 .text          0x08049400      0x122 /usr/lib/gcc/x86_64-linux-gnu/13/32/libgcc.a(_udivdi3.o)
                0x08049400                __udivdi3
 *fill*         0x08049522        0xe 
 .text          0x08049530      0x146 /usr/lib/gcc/x86_64-linux-gnu/13/32/libgcc.a(_umoddi3.o)
                0x08049530                __umoddi3
 *fill*         0x08049676        0xa 
 .text          0x08049680      0x1c5 /usr/lib/gcc/x86_64-linux-gnu/13/32/libgcc.a(_udivmoddi4.o)
                0x08049680                __udivmoddi4
 .text.__x86.get_pc_thunk.dx
                0x08049845        0x4 /usr/lib/gcc/x86_64-linux-gnu/13/32/crtbeginS.o
                0x08049845                __x86.get_pc_thunk.dx
 .text._OffsetAbsSyms
                0x08049849        0x1 zephyr/CMakeFiles/offsets.dir/./arch/posix/core/offsets/offsets.c.obj
                0x08049849                _OffsetAbsSyms
 .text._posix_zephyr_main
                0x0804984a      0x104 app/libapp.a(main.c.obj)
                0x0804984a                _posix_zephyr_main
 .text.arch_printk_char_out
                0x0804994e        0x3 zephyr/libzephyr.a(printk.c.obj)
                0x0804994e                arch_printk_char_out
 .text.char_out
                0x08049951        0x6 zephyr/libzephyr.a(printk.c.obj)
 .text.__printk_hook_install
                0x08049957        0xd zephyr/libzephyr.a(printk.c.obj)
                0x08049957                __printk_hook_install
 .text.vprintk  0x08049964       0x1f zephyr/libzephyr.a(printk.c.obj)
                0x08049964                vprintk
 .text.printk   0x08049983       0x17 zephyr/libzephyr.a(printk.c.obj)
                0x08049983                printk
 .text.z_thread_entry
                0x0804999a       0x3a zephyr/libzephyr.a(thread_entry.c.obj)
                0x0804999a                z_thread_entry
 .text.outs     0x080499d4       0x4f zephyr/libzephyr.a(cbprintf_complete.c.obj)
 .text.extract_decimal
                0x08049a23       0x37 zephyr/libzephyr.a(cbprintf_complete.c.obj)
 .text.encode_uint
                0x08049a5a       0xd7 zephyr/libzephyr.a(cbprintf_complete.c.obj)
 .text.z_cbvprintf_impl
                0x08049b31      0x810 zephyr/libzephyr.a(cbprintf_complete.c.obj)
                0x08049b31                z_cbvprintf_impl
 .text.assert_print
                0x0804a341       0x17 zephyr/libzephyr.a(assert.c.obj)
                0x0804a341                assert_print
 .text._ConfigAbsSyms
                0x0804a358        0x1 zephyr/libzephyr.a(configs.c.obj)
                0x0804a358                _ConfigAbsSyms
 .text.sys_trace_isr_enter
                0x0804a359        0x1 zephyr/libzephyr.a(tracing_none.c.obj)
                0x0804a359                sys_trace_isr_enter
 .text.sys_trace_isr_exit
                0x0804a35a        0x1 zephyr/libzephyr.a(tracing_none.c.obj)
                0x0804a35a                sys_trace_isr_exit
 .text.sys_trace_idle
                0x0804a35b        0x1 zephyr/libzephyr.a(tracing_none.c.obj)
                0x0804a35b                sys_trace_idle
 .text.arch_cpu_idle
                0x0804a35c       0x16 zephyr/arch/arch/posix/core/libarch__posix__core.a(cpuhalt.c.obj)
                0x0804a35c                arch_cpu_idle
 .text.arch_system_halt
                0x0804a372       0x27 zephyr/arch/arch/posix/core/libarch__posix__core.a(fatal.c.obj)
                0x0804a372                arch_system_halt
 .text.arch_irq_enable
                0x0804a399        0x5 zephyr/arch/arch/posix/core/libarch__posix__core.a(irq.c.obj)
                0x0804a399                arch_irq_enable
 .text.arch_swap
                0x0804a39e       0x50 zephyr/arch/arch/posix/core/libarch__posix__core.a(swap.c.obj)
                0x0804a39e                arch_swap
 .text.arch_switch_to_main_thread
                0x0804a3ee       0x1c zephyr/arch/arch/posix/core/libarch__posix__core.a(swap.c.obj)
                0x0804a3ee                arch_switch_to_main_thread
 .text.arch_new_thread
                0x0804a40a       0x41 zephyr/arch/arch/posix/core/libarch__posix__core.a(thread.c.obj)
                0x0804a40a                arch_new_thread
 .text.posix_arch_thread_entry
                0x0804a44b       0x1d zephyr/arch/arch/posix/core/libarch__posix__core.a(thread.c.obj)
                0x0804a44b                posix_arch_thread_entry
 .text.z_impl_k_thread_abort
                0x0804a468       0x84 zephyr/arch/arch/posix/core/libarch__posix__core.a(thread.c.obj)
                0x0804a468                z_impl_k_thread_abort
 .text.posix_arch_init
                0x0804a4ec       0x1a zephyr/arch/arch/posix/core/libarch__posix__core.a(posix_core_nsi.c.obj)
                0x0804a4ec                posix_arch_init
 .text.posix_arch_clean_up
                0x0804a506       0x16 zephyr/arch/arch/posix/core/libarch__posix__core.a(posix_core_nsi.c.obj)
                0x0804a506                posix_arch_clean_up
 .text.posix_swap
                0x0804a51c       0x17 zephyr/arch/arch/posix/core/libarch__posix__core.a(posix_core_nsi.c.obj)
                0x0804a51c                posix_swap
 .text.posix_main_thread_start
                0x0804a533       0x19 zephyr/arch/arch/posix/core/libarch__posix__core.a(posix_core_nsi.c.obj)
                0x0804a533                posix_main_thread_start
 .text.posix_new_thread
                0x0804a54c       0x19 zephyr/arch/arch/posix/core/libarch__posix__core.a(posix_core_nsi.c.obj)
                0x0804a54c                posix_new_thread
 .text.posix_abort_thread
                0x0804a565       0x19 zephyr/arch/arch/posix/core/libarch__posix__core.a(posix_core_nsi.c.obj)
                0x0804a565                posix_abort_thread
 .text.nsi_print_error_and_exit
                0x0804a57e       0x17 zephyr/arch/arch/posix/core/libarch__posix__core.a(nsi_compat.c.obj)
                0x0804a57e                nsi_print_error_and_exit
 .text.nsi_print_trace
                0x0804a595       0x17 zephyr/arch/arch/posix/core/libarch__posix__core.a(nsi_compat.c.obj)
                0x0804a595                nsi_print_trace
 .text.nsi_exit
                0x0804a5ac        0xe zephyr/arch/arch/posix/core/libarch__posix__core.a(nsi_compat.c.obj)
                0x0804a5ac                nsi_exit
 .text.ttable_get_element
                0x0804a5ba       0x3d zephyr/arch/arch/posix/core/libarch__posix__core.a(nct.c.obj)
 .text.nsi_safe_call
                0x0804a5f7       0x1b zephyr/arch/arch/posix/core/libarch__posix__core.a(nct.c.obj)
 .text.nct_cleanup_handler
                0x0804a612       0x3a zephyr/arch/arch/posix/core/libarch__posix__core.a(nct.c.obj)
 .text.nct_exit_and_cleanup
                0x0804a64c       0x34 zephyr/arch/arch/posix/core/libarch__posix__core.a(nct.c.obj)
 .text.nct_wait_until_allowed
                0x0804a680       0x5c zephyr/arch/arch/posix/core/libarch__posix__core.a(nct.c.obj)
 .text.nct_thread_starter
                0x0804a6dc      0x106 zephyr/arch/arch/posix/core/libarch__posix__core.a(nct.c.obj)
 .text.nct_swap_threads
                0x0804a7e2       0x64 zephyr/arch/arch/posix/core/libarch__posix__core.a(nct.c.obj)
                0x0804a7e2                nct_swap_threads
 .text.nct_first_thread_start
                0x0804a846       0x2d zephyr/arch/arch/posix/core/libarch__posix__core.a(nct.c.obj)
                0x0804a846                nct_first_thread_start
 .text.nct_new_thread
                0x0804a873       0xce zephyr/arch/arch/posix/core/libarch__posix__core.a(nct.c.obj)
                0x0804a873                nct_new_thread
 .text.nct_init
                0x0804a941       0xdd zephyr/arch/arch/posix/core/libarch__posix__core.a(nct.c.obj)
                0x0804a941                nct_init
 .text.nct_clean_up
                0x0804aa1e       0x15 zephyr/arch/arch/posix/core/libarch__posix__core.a(nct.c.obj)
                0x0804aa1e                nct_clean_up
 .text.nct_abort_thread
                0x0804aa33       0x2b zephyr/arch/arch/posix/core/libarch__posix__core.a(nct.c.obj)
                0x0804aa33                nct_abort_thread
 .text.nsi_safe_call
                0x0804aa5e       0x1b zephyr/arch/arch/posix/core/libarch__posix__core.a(nce.c.obj)
 .text.sw_wrapper
                0x0804aa79       0x43 zephyr/arch/arch/posix/core/libarch__posix__core.a(nce.c.obj)
 .text.change_cpu_state_and_wait
                0x0804aabc       0x74 zephyr/arch/arch/posix/core/libarch__posix__core.a(nce.c.obj)
 .text.nce_init
                0x0804ab30       0x67 zephyr/arch/arch/posix/core/libarch__posix__core.a(nce.c.obj)
                0x0804ab30                nce_init
 .text.nce_terminate
                0x0804ab97       0x7b zephyr/arch/arch/posix/core/libarch__posix__core.a(nce.c.obj)
                0x0804ab97                nce_terminate
 .text.nce_boot_cpu
                0x0804ac12       0xab zephyr/arch/arch/posix/core/libarch__posix__core.a(nce.c.obj)
                0x0804ac12                nce_boot_cpu
 .text.nce_halt_cpu
                0x0804acbd       0x32 zephyr/arch/arch/posix/core/libarch__posix__core.a(nce.c.obj)
                0x0804acbd                nce_halt_cpu
 .text.nce_wake_cpu
                0x0804acef       0x44 zephyr/arch/arch/posix/core/libarch__posix__core.a(nce.c.obj)
                0x0804acef                nce_wake_cpu
 .text.nce_is_cpu_running
                0x0804ad33       0x17 zephyr/arch/arch/posix/core/libarch__posix__core.a(nce.c.obj)
                0x0804ad33                nce_is_cpu_running
 .text.posix_is_cpu_running
                0x0804ad4a       0x16 zephyr/soc/soc/native/libsoc__native__inf_clock.a(soc.c.obj)
                0x0804ad4a                posix_is_cpu_running
 .text.posix_interrupt_raised
                0x0804ad60       0x16 zephyr/soc/soc/native/libsoc__native__inf_clock.a(soc.c.obj)
                0x0804ad60                posix_interrupt_raised
 .text.posix_halt_cpu
                0x0804ad76       0x1a zephyr/soc/soc/native/libsoc__native__inf_clock.a(soc.c.obj)
                0x0804ad76                posix_halt_cpu
 .text.posix_boot_cpu
                0x0804ad90       0x2c zephyr/soc/soc/native/libsoc__native__inf_clock.a(soc.c.obj)
                0x0804ad90                posix_boot_cpu
 .text.posix_soc_clean_up
                0x0804adbc       0x28 zephyr/soc/soc/native/libsoc__native__inf_clock.a(soc.c.obj)
                0x0804adbc                posix_soc_clean_up
 .text.run_native_tasks
                0x0804ade4       0x29 zephyr/soc/soc/native/libsoc__native__inf_clock.a(native_tasks.c.obj)
                0x0804ade4                run_native_tasks
 .text.hwm_signal_end_handler
                0x0804ae0d        0xb zephyr/boards/native/native_posix/libboards__native__native_posix.a(hw_models_top.c.obj)
                0x0804ae0d                hwm_signal_end_handler
 .text.hwm_set_sig_handler
                0x0804ae18       0xb5 zephyr/boards/native/native_posix/libboards__native__native_posix.a(hw_models_top.c.obj)
                0x0804ae18                hwm_set_sig_handler
 .text.hwm_find_next_timer
                0x0804aecd       0x7e zephyr/boards/native/native_posix/libboards__native__native_posix.a(hw_models_top.c.obj)
                0x0804aecd                hwm_find_next_timer
 .text.hwm_one_event
                0x0804af4b       0xe8 zephyr/boards/native/native_posix/libboards__native__native_posix.a(hw_models_top.c.obj)
                0x0804af4b                hwm_one_event
 .text.hwm_set_end_of_time
                0x0804b033       0x12 zephyr/boards/native/native_posix/libboards__native__native_posix.a(hw_models_top.c.obj)
                0x0804b033                hwm_set_end_of_time
 .text.hwm_get_time
                0x0804b045        0xc zephyr/boards/native/native_posix/libboards__native__native_posix.a(hw_models_top.c.obj)
                0x0804b045                hwm_get_time
 .text.hwm_init
                0x0804b051       0x20 zephyr/boards/native/native_posix/libboards__native__native_posix.a(hw_models_top.c.obj)
                0x0804b051                hwm_init
 .text.hwm_cleanup
                0x0804b071       0x11 zephyr/boards/native/native_posix/libboards__native__native_posix.a(hw_models_top.c.obj)
                0x0804b071                hwm_cleanup
 .text.hwtimer_update_timer
                0x0804b082       0x37 zephyr/boards/native/native_posix/libboards__native__native_posix.a(timer_model.c.obj)
 .text.cmd_realtime_found
                0x0804b0b9        0x8 zephyr/boards/native/native_posix/libboards__native__native_posix.a(timer_model.c.obj)
 .text.cmd_no_realtime_found
                0x0804b0c1        0x8 zephyr/boards/native/native_posix/libboards__native__native_posix.a(timer_model.c.obj)
 .text.cmd_rtcoffset_found
                0x0804b0c9       0x3a zephyr/boards/native/native_posix/libboards__native__native_posix.a(timer_model.c.obj)
 .text.cmd_rtcreset_found
                0x0804b103        0x8 zephyr/boards/native/native_posix/libboards__native__native_posix.a(timer_model.c.obj)
 .text.native_add_time_options
                0x0804b10b       0x15 zephyr/boards/native/native_posix/libboards__native__native_posix.a(timer_model.c.obj)
 .text.cmd_rt_ratio_found
                0x0804b120       0x35 zephyr/boards/native/native_posix/libboards__native__native_posix.a(timer_model.c.obj)
 .text.cmd_rt_drift_found
                0x0804b155       0x4a zephyr/boards/native/native_posix/libboards__native__native_posix.a(timer_model.c.obj)
 .text.cmd_stop_at_found
                0x0804b19f       0xa6 zephyr/boards/native/native_posix/libboards__native__native_posix.a(timer_model.c.obj)
 .text.get_host_us_time
                0x0804b245       0xca zephyr/boards/native/native_posix/libboards__native__native_posix.a(timer_model.c.obj)
                0x0804b245                get_host_us_time
 .text.hwtimer_init
                0x0804b30f      0x147 zephyr/boards/native/native_posix/libboards__native__native_posix.a(timer_model.c.obj)
                0x0804b30f                hwtimer_init
 .text.hwtimer_cleanup
                0x0804b456        0x1 zephyr/boards/native/native_posix/libboards__native__native_posix.a(timer_model.c.obj)
                0x0804b456                hwtimer_cleanup
 .text.hwtimer_enable
                0x0804b457       0x3a zephyr/boards/native/native_posix/libboards__native__native_posix.a(timer_model.c.obj)
                0x0804b457                hwtimer_enable
 .text.hwtimer_timer_reached
                0x0804b491      0x205 zephyr/boards/native/native_posix/libboards__native__native_posix.a(timer_model.c.obj)
                0x0804b491                hwtimer_timer_reached
 .text.hwtimer_set_silent_ticks
                0x0804b696       0x12 zephyr/boards/native/native_posix/libboards__native__native_posix.a(timer_model.c.obj)
                0x0804b696                hwtimer_set_silent_ticks
 .text.posix_irq_handler
                0x0804b6a8      0x119 zephyr/boards/native/native_posix/libboards__native__native_posix.a(irq_handler.c.obj)
                0x0804b6a8                posix_irq_handler
 .text.posix_irq_handler_im_from_sw
                0x0804b7c1       0x33 zephyr/boards/native/native_posix/libboards__native__native_posix.a(irq_handler.c.obj)
                0x0804b7c1                posix_irq_handler_im_from_sw
 .text.posix_irq_lock
                0x0804b7f4       0x12 zephyr/boards/native/native_posix/libboards__native__native_posix.a(irq_handler.c.obj)
                0x0804b7f4                posix_irq_lock
 .text.posix_irq_unlock
                0x0804b806        0x5 zephyr/boards/native/native_posix/libboards__native__native_posix.a(irq_handler.c.obj)
                0x0804b806                posix_irq_unlock
 .text.posix_irq_full_unlock
                0x0804b80b       0x12 zephyr/boards/native/native_posix/libboards__native__native_posix.a(irq_handler.c.obj)
                0x0804b80b                posix_irq_full_unlock
 .text.posix_irq_enable
                0x0804b81d        0x5 zephyr/boards/native/native_posix/libboards__native__native_posix.a(irq_handler.c.obj)
                0x0804b81d                posix_irq_enable
 .text.posix_isr_declare
                0x0804b822       0x4c zephyr/boards/native/native_posix/libboards__native__native_posix.a(irq_handler.c.obj)
                0x0804b822                posix_isr_declare
 .text.posix_irq_priority_set
                0x0804b86e        0x5 zephyr/boards/native/native_posix/libboards__native__native_posix.a(irq_handler.c.obj)
                0x0804b86e                posix_irq_priority_set
 .text.hw_irq_ctrl_irq_raise_prefix
                0x0804b873       0x74 zephyr/boards/native/native_posix/libboards__native__native_posix.a(irq_ctrl.c.obj)
 .text.irq_raising_from_hw_now
                0x0804b8e7       0x1f zephyr/boards/native/native_posix/libboards__native__native_posix.a(irq_ctrl.c.obj)
 .text.hw_irq_ctrl_init
                0x0804b906       0x37 zephyr/boards/native/native_posix/libboards__native__native_posix.a(irq_ctrl.c.obj)
                0x0804b906                hw_irq_ctrl_init
 .text.hw_irq_ctrl_cleanup
                0x0804b93d        0x1 zephyr/boards/native/native_posix/libboards__native__native_posix.a(irq_ctrl.c.obj)
                0x0804b93d                hw_irq_ctrl_cleanup
 .text.hw_irq_ctrl_set_cur_prio
                0x0804b93e        0xd zephyr/boards/native/native_posix/libboards__native__native_posix.a(irq_ctrl.c.obj)
                0x0804b93e                hw_irq_ctrl_set_cur_prio
 .text.hw_irq_ctrl_get_cur_prio
                0x0804b94b        0x6 zephyr/boards/native/native_posix/libboards__native__native_posix.a(irq_ctrl.c.obj)
                0x0804b94b                hw_irq_ctrl_get_cur_prio
 .text.hw_irq_ctrl_prio_set
                0x0804b951       0x11 zephyr/boards/native/native_posix/libboards__native__native_posix.a(irq_ctrl.c.obj)
                0x0804b951                hw_irq_ctrl_prio_set
 .text.hw_irq_ctrl_get_prio
                0x0804b962        0xe zephyr/boards/native/native_posix/libboards__native__native_posix.a(irq_ctrl.c.obj)
                0x0804b962                hw_irq_ctrl_get_prio
 .text.hw_irq_ctrl_get_highest_prio_irq
                0x0804b970       0xaa zephyr/boards/native/native_posix/libboards__native__native_posix.a(irq_ctrl.c.obj)
                0x0804b970                hw_irq_ctrl_get_highest_prio_irq
 .text.hw_irq_ctrl_get_current_lock
                0x0804ba1a        0x8 zephyr/boards/native/native_posix/libboards__native__native_posix.a(irq_ctrl.c.obj)
                0x0804ba1a                hw_irq_ctrl_get_current_lock
 .text.hw_irq_ctrl_change_lock
                0x0804ba22       0x3a zephyr/boards/native/native_posix/libboards__native__native_posix.a(irq_ctrl.c.obj)
                0x0804ba22                hw_irq_ctrl_change_lock
 .text.hw_irq_ctrl_clear_irq
                0x0804ba5c       0x52 zephyr/boards/native/native_posix/libboards__native__native_posix.a(irq_ctrl.c.obj)
                0x0804ba5c                hw_irq_ctrl_clear_irq
 .text.hw_irq_ctrl_set_irq
                0x0804baae       0x38 zephyr/boards/native/native_posix/libboards__native__native_posix.a(irq_ctrl.c.obj)
                0x0804baae                hw_irq_ctrl_set_irq
 .text.hw_irq_ctrl_raise_im_from_sw
                0x0804bae6       0x1f zephyr/boards/native/native_posix/libboards__native__native_posix.a(irq_ctrl.c.obj)
                0x0804bae6                hw_irq_ctrl_raise_im_from_sw
 .text.hw_irq_ctrl_enable_irq
                0x0804bb05       0x65 zephyr/boards/native/native_posix/libboards__native__native_posix.a(irq_ctrl.c.obj)
                0x0804bb05                hw_irq_ctrl_enable_irq
 .text.hw_irq_ctrl_timer_triggered
                0x0804bb6a       0x19 zephyr/boards/native/native_posix/libboards__native__native_posix.a(irq_ctrl.c.obj)
                0x0804bb6a                hw_irq_ctrl_timer_triggered
 .text.posix_exit
                0x0804bb83       0x35 zephyr/boards/native/native_posix/libboards__native__native_posix.a(main.c.obj)
                0x0804bb83                posix_exit
 .text.posix_init
                0x0804bbb8       0x81 zephyr/boards/native/native_posix/libboards__native__native_posix.a(main.c.obj)
                0x0804bbb8                posix_init
 .text.main     0x0804bc39       0x25 zephyr/boards/native/native_posix/libboards__native__native_posix.a(main.c.obj)
                0x0804bc39                main
 .text.trace_disable_color
                0x0804bc5e        0xd zephyr/boards/native/native_posix/libboards__native__native_posix.a(tracing.c.obj)
                0x0804bc5e                trace_disable_color
 .text.trace_enable_color
                0x0804bc6b       0x15 zephyr/boards/native/native_posix/libboards__native__native_posix.a(tracing.c.obj)
                0x0804bc6b                trace_enable_color
 .text.trace_force_color
                0x0804bc80       0x15 zephyr/boards/native/native_posix/libboards__native__native_posix.a(tracing.c.obj)
                0x0804bc80                trace_force_color
 .text.decide_about_color
                0x0804bc95       0x3e zephyr/boards/native/native_posix/libboards__native__native_posix.a(tracing.c.obj)
 .text.posix_vprint_error_and_exit
                0x0804bcd3       0x25 zephyr/boards/native/native_posix/libboards__native__native_posix.a(tracing.c.obj)
                0x0804bcd3                posix_vprint_error_and_exit
 .text.posix_vprint_trace
                0x0804bcf8       0x1e zephyr/boards/native/native_posix/libboards__native__native_posix.a(tracing.c.obj)
                0x0804bcf8                posix_vprint_trace
 .text.posix_print_error_and_exit
                0x0804bd16       0x12 zephyr/boards/native/native_posix/libboards__native__native_posix.a(tracing.c.obj)
                0x0804bd16                posix_print_error_and_exit
 .text.posix_print_warning
                0x0804bd28       0x1f zephyr/boards/native/native_posix/libboards__native__native_posix.a(tracing.c.obj)
                0x0804bd28                posix_print_warning
 .text.posix_print_trace
                0x0804bd47       0x1f zephyr/boards/native/native_posix/libboards__native__native_posix.a(tracing.c.obj)
                0x0804bd47                posix_print_trace
 .text.native_add_tracing_options
                0x0804bd66       0x15 zephyr/boards/native/native_posix/libboards__native__native_posix.a(tracing.c.obj)
                0x0804bd66                native_add_tracing_options
 .text.cmd_gen_switch_syntax.constprop.0
                0x0804bd7b       0xaf zephyr/boards/native/native_posix/libboards__native__native_posix.a(cmdline_common.c.obj)
 .text.cmd_is_option
                0x0804be2a       0x9b zephyr/boards/native/native_posix/libboards__native__native_posix.a(cmdline_common.c.obj)
                0x0804be2a                cmd_is_option
 .text.cmd_is_help_option
                0x0804bec5       0x6c zephyr/boards/native/native_posix/libboards__native__native_posix.a(cmdline_common.c.obj)
                0x0804bec5                cmd_is_help_option
 .text.cmd_read_option_value
                0x0804bf31      0x195 zephyr/boards/native/native_posix/libboards__native__native_posix.a(cmdline_common.c.obj)
                0x0804bf31                cmd_read_option_value
 .text.cmd_args_set_defaults
                0x0804c0c6       0xa6 zephyr/boards/native/native_posix/libboards__native__native_posix.a(cmdline_common.c.obj)
                0x0804c0c6                cmd_args_set_defaults
 .text.cmd_print_switches_help
                0x0804c16c       0xc7 zephyr/boards/native/native_posix/libboards__native__native_posix.a(cmdline_common.c.obj)
                0x0804c16c                cmd_print_switches_help
 .text.cmd_print_long_help
                0x0804c233      0x135 zephyr/boards/native/native_posix/libboards__native__native_posix.a(cmdline_common.c.obj)
                0x0804c233                cmd_print_long_help
 .text.cmd_parse_one_arg
                0x0804c368       0xb3 zephyr/boards/native/native_posix/libboards__native__native_posix.a(cmdline_common.c.obj)
                0x0804c368                cmd_parse_one_arg
 .text.native_cleanup_cmd_line
                0x0804c41b       0x22 zephyr/boards/native/native_posix/libboards__native__native_posix.a(cmdline.c.obj)
                0x0804c41b                native_cleanup_cmd_line
 .text.native_add_command_line_opts
                0x0804c43d       0x9a zephyr/boards/native/native_posix/libboards__native__native_posix.a(cmdline.c.obj)
                0x0804c43d                native_add_command_line_opts
 .text.native_add_testargs_option
                0x0804c4d7       0x15 zephyr/boards/native/native_posix/libboards__native__native_posix.a(cmdline.c.obj)
                0x0804c4d7                native_add_testargs_option
 .text.native_handle_cmd_line
                0x0804c4ec       0xb3 zephyr/boards/native/native_posix/libboards__native__native_posix.a(cmdline.c.obj)
                0x0804c4ec                native_handle_cmd_line
 .text.hw_counter_init
                0x0804c59f       0x64 zephyr/boards/native/native_posix/libboards__native__native_posix.a(hw_counter.c.obj)
                0x0804c59f                hw_counter_init
 .text.hw_counter_triggered
                0x0804c603       0xa2 zephyr/boards/native/native_posix/libboards__native__native_posix.a(hw_counter.c.obj)
                0x0804c603                hw_counter_triggered
 .text.posix_arch_console_init
                0x0804c6a5       0x17 zephyr/drivers/console/libdrivers__console.a(posix_arch_console.c.obj)
 .text.print_char
                0x0804c6bc       0x61 zephyr/drivers/console/libdrivers__console.a(posix_arch_console.c.obj)
 .text.rtc_emul_init
                0x0804c71d       0x35 zephyr/drivers/rtc/libdrivers__rtc.a(rtc_emul.c.obj)
                0x0804c71d                rtc_emul_init
 .text.rtc_emul_set_time
                0x0804c752       0x4f zephyr/drivers/rtc/libdrivers__rtc.a(rtc_emul.c.obj)
 .text.rtc_emul_get_time
                0x0804c7a1       0x49 zephyr/drivers/rtc/libdrivers__rtc.a(rtc_emul.c.obj)
 .text.rtc_emul_update
                0x0804c7ea       0xef zephyr/drivers/rtc/libdrivers__rtc.a(rtc_emul.c.obj)
 .text.np_timer_isr
                0x0804c8d9       0x8e zephyr/drivers/timer/libdrivers__timer.a(native_posix_timer.c.obj)
 .text.sys_clock_driver_init
                0x0804c967       0x6d zephyr/drivers/timer/libdrivers__timer.a(native_posix_timer.c.obj)
 .text.sys_clock_set_timeout
                0x0804c9d4       0x2b zephyr/drivers/timer/libdrivers__timer.a(native_posix_timer.c.obj)
                0x0804c9d4                sys_clock_set_timeout
 .text.sys_clock_elapsed
                0x0804c9ff       0x2f zephyr/drivers/timer/libdrivers__timer.a(native_posix_timer.c.obj)
                0x0804c9ff                sys_clock_elapsed
 .text.z_device_state_init
                0x0804ca2e        0x1 zephyr/kernel/libkernel.a(device.c.obj)
                0x0804ca2e                z_device_state_init
 .text.z_impl_device_is_ready
                0x0804ca2f       0x24 zephyr/kernel/libkernel.a(device.c.obj)
                0x0804ca2f                z_impl_device_is_ready
 .text.k_sys_fatal_error_handler
                0x0804ca53        0xe zephyr/kernel/libkernel.a(fatal.c.obj)
                0x0804ca53                k_sys_fatal_error_handler
 .text.z_fatal_error
                0x0804ca61       0x45 zephyr/kernel/libkernel.a(fatal.c.obj)
                0x0804ca61                z_fatal_error
 .text.do_device_init
                0x0804caa6       0x41 zephyr/kernel/libkernel.a(init.c.obj)
 .text.z_sys_init_run_level
                0x0804cae7       0x31 zephyr/kernel/libkernel.a(init.c.obj)
 .text.bg_thread_main
                0x0804cb18       0xd4 zephyr/kernel/libkernel.a(init.c.obj)
 .text.z_init_cpu
                0x0804cbec       0x65 zephyr/kernel/libkernel.a(init.c.obj)
                0x0804cbec                z_init_cpu
 .text.z_cstart
                0x0804cc51       0xc6 zephyr/kernel/libkernel.a(init.c.obj)
                0x0804cc51                z_cstart
 .text.z_init_static
                0x0804cd17        0x1 zephyr/kernel/libkernel.a(init_static.c.obj)
                0x0804cd17                z_init_static
 .text.idle     0x0804cd18       0x12 zephyr/kernel/libkernel.a(idle.c.obj)
                0x0804cd18                idle
 .text.z_impl_k_sem_give
                0x0804cd2a       0x87 zephyr/kernel/libkernel.a(sem.c.obj)
                0x0804cd2a                z_impl_k_sem_give
 .text.flag_test_and_clear
                0x0804cdb1       0x16 zephyr/kernel/libkernel.a(work.c.obj)
 .text.notify_queue_locked.isra.0
                0x0804cdc7       0x1d zephyr/kernel/libkernel.a(work.c.obj)
 .text.work_queue_main
                0x0804cde4      0x165 zephyr/kernel/libkernel.a(work.c.obj)
 .text.submit_to_queue_locked
                0x0804cf49       0xeb zephyr/kernel/libkernel.a(work.c.obj)
 .text.work_timeout
                0x0804d034       0x62 zephyr/kernel/libkernel.a(work.c.obj)
 .text.k_work_queue_start
                0x0804d096       0x97 zephyr/kernel/libkernel.a(work.c.obj)
                0x0804d096                k_work_queue_start
 .text.k_work_init_delayable
                0x0804d12d       0x22 zephyr/kernel/libkernel.a(work.c.obj)
                0x0804d12d                k_work_init_delayable
 .text.k_work_schedule_for_queue
                0x0804d14f       0x7b zephyr/kernel/libkernel.a(work.c.obj)
                0x0804d14f                k_work_schedule_for_queue
 .text.k_work_schedule
                0x0804d1ca       0x1e zephyr/kernel/libkernel.a(work.c.obj)
                0x0804d1ca                k_work_schedule
 .text.k_is_in_isr
                0x0804d1e8        0xb zephyr/kernel/libkernel.a(thread.c.obj)
                0x0804d1e8                k_is_in_isr
 .text.z_impl_k_thread_name_set
                0x0804d1f3        0x6 zephyr/kernel/libkernel.a(thread.c.obj)
                0x0804d1f3                z_impl_k_thread_name_set
 .text.z_impl_k_thread_start
                0x0804d1f9        0x5 zephyr/kernel/libkernel.a(thread.c.obj)
                0x0804d1f9                z_impl_k_thread_start
 .text.z_setup_new_thread
                0x0804d1fe       0x75 zephyr/kernel/libkernel.a(thread.c.obj)
                0x0804d1fe                z_setup_new_thread
 .text.z_impl_k_thread_create
                0x0804d273       0x73 zephyr/kernel/libkernel.a(thread.c.obj)
                0x0804d273                z_impl_k_thread_create
 .text.sys_dlist_remove
                0x0804d2e6       0x12 zephyr/kernel/libkernel.a(sched.c.obj)
 .text.unpend_thread_no_timeout
                0x0804d2f8       0x16 zephyr/kernel/libkernel.a(sched.c.obj)
 .text.unready_thread
                0x0804d30e       0x63 zephyr/kernel/libkernel.a(sched.c.obj)
 .text.ready_thread
                0x0804d371       0xc9 zephyr/kernel/libkernel.a(sched.c.obj)
 .text.z_thread_halt
                0x0804d43a      0x106 zephyr/kernel/libkernel.a(sched.c.obj)
 .text.add_to_waitq_locked
                0x0804d540       0x5c zephyr/kernel/libkernel.a(sched.c.obj)
 .text.move_thread_to_end_of_prio_q
                0x0804d59c       0xbd zephyr/kernel/libkernel.a(sched.c.obj)
                0x0804d59c                move_thread_to_end_of_prio_q
 .text.z_ready_thread
                0x0804d659       0x21 zephyr/kernel/libkernel.a(sched.c.obj)
                0x0804d659                z_ready_thread
 .text.z_impl_k_thread_suspend
                0x0804d67a       0x3c zephyr/kernel/libkernel.a(sched.c.obj)
                0x0804d67a                z_impl_k_thread_suspend
 .text.z_sched_wake_thread
                0x0804d6b6       0x55 zephyr/kernel/libkernel.a(sched.c.obj)
                0x0804d6b6                z_sched_wake_thread
 .text.z_thread_timeout
                0x0804d70b       0x19 zephyr/kernel/libkernel.a(sched.c.obj)
                0x0804d70b                z_thread_timeout
 .text.z_pend_curr
                0x0804d724       0x5c zephyr/kernel/libkernel.a(sched.c.obj)
                0x0804d724                z_pend_curr
 .text.z_reschedule
                0x0804d780       0x32 zephyr/kernel/libkernel.a(sched.c.obj)
                0x0804d780                z_reschedule
 .text.z_sched_start
                0x0804d7b2       0x48 zephyr/kernel/libkernel.a(sched.c.obj)
                0x0804d7b2                z_sched_start
 .text.z_reschedule_irqlock
                0x0804d7fa       0x32 zephyr/kernel/libkernel.a(sched.c.obj)
                0x0804d7fa                z_reschedule_irqlock
 .text.k_sched_lock
                0x0804d82c       0x22 zephyr/kernel/libkernel.a(sched.c.obj)
                0x0804d82c                k_sched_lock
 .text.k_sched_unlock
                0x0804d84e       0x76 zephyr/kernel/libkernel.a(sched.c.obj)
                0x0804d84e                k_sched_unlock
 .text.z_sched_init
                0x0804d8c4       0x15 zephyr/kernel/libkernel.a(sched.c.obj)
                0x0804d8c4                z_sched_init
 .text.z_impl_k_yield
                0x0804d8d9       0xbe zephyr/kernel/libkernel.a(sched.c.obj)
                0x0804d8d9                z_impl_k_yield
 .text.z_tick_sleep
                0x0804d997       0x99 zephyr/kernel/libkernel.a(sched.c.obj)
 .text.z_impl_k_sleep
                0x0804da30       0x36 zephyr/kernel/libkernel.a(sched.c.obj)
                0x0804da30                z_impl_k_sleep
 .text.z_impl_k_sched_current_thread_query
                0x0804da66        0x6 zephyr/kernel/libkernel.a(sched.c.obj)
                0x0804da66                z_impl_k_sched_current_thread_query
 .text.z_thread_abort
                0x0804da6c       0x6a zephyr/kernel/libkernel.a(sched.c.obj)
                0x0804da6c                z_thread_abort
 .text.z_sched_wake
                0x0804dad6       0x66 zephyr/kernel/libkernel.a(sched.c.obj)
                0x0804dad6                z_sched_wake
 .text.z_sched_wait
                0x0804db3c       0x35 zephyr/kernel/libkernel.a(sched.c.obj)
                0x0804db3c                z_sched_wait
 .text.slice_timeout
                0x0804db71       0x1d zephyr/kernel/libkernel.a(timeslicing.c.obj)
 .text.thread_is_sliceable
                0x0804db8e       0x3f zephyr/kernel/libkernel.a(timeslicing.c.obj)
                0x0804db8e                thread_is_sliceable
 .text.z_reset_time_slice
                0x0804dbcd       0x53 zephyr/kernel/libkernel.a(timeslicing.c.obj)
                0x0804dbcd                z_reset_time_slice
 .text.z_time_slice
                0x0804dc20       0x63 zephyr/kernel/libkernel.a(timeslicing.c.obj)
                0x0804dc20                z_time_slice
 .text.elapsed  0x0804dc83       0x11 zephyr/kernel/libkernel.a(timeout.c.obj)
 .text.remove_timeout
                0x0804dc94       0x37 zephyr/kernel/libkernel.a(timeout.c.obj)
 .text.next_timeout
                0x0804dccb       0x57 zephyr/kernel/libkernel.a(timeout.c.obj)
 .text.z_add_timeout
                0x0804dd22      0x14a zephyr/kernel/libkernel.a(timeout.c.obj)
                0x0804dd22                z_add_timeout
 .text.z_abort_timeout
                0x0804de6c       0x35 zephyr/kernel/libkernel.a(timeout.c.obj)
                0x0804de6c                z_abort_timeout
 .text.sys_clock_announce
                0x0804dea1       0xfa zephyr/kernel/libkernel.a(timeout.c.obj)
                0x0804dea1                sys_clock_announce
 .text.sys_clock_tick_get
                0x0804df9b       0x40 zephyr/kernel/libkernel.a(timeout.c.obj)
                0x0804df9b                sys_clock_tick_get
 .text.sys_clock_tick_get_32
                0x0804dfdb        0xd zephyr/kernel/libkernel.a(timeout.c.obj)
                0x0804dfdb                sys_clock_tick_get_32
 .text.boot_banner
                0x0804dfe8       0x15 zephyr/kernel/libkernel.a(banner.c.obj)
                0x0804dfe8                boot_banner
 .text.k_sys_work_q_init
                0x0804dffd       0x50 zephyr/kernel/libkernel.a(system_work_q.c.obj)
 *(SORT_BY_ALIGNMENT(.gnu.warning))

.native_sim_if
 *(SORT_BY_ALIGNMENT(.native_sim_if))
 *(SORT_BY_ALIGNMENT(.native_sim_if.*))

.fini           0x0804e050       0x14
 *(SORT_NONE(.fini))
 .fini          0x0804e050        0xf /usr/lib/gcc/x86_64-linux-gnu/13/../../../../lib32/crti.o
                0x0804e050                _fini
 .fini          0x0804e05f        0x5 /usr/lib/gcc/x86_64-linux-gnu/13/../../../../lib32/crtn.o
                [!provide]                        PROVIDE (__etext = .)
                [!provide]                        PROVIDE (_etext = .)
                [!provide]                        PROVIDE (etext = .)
                0x0804f000                        . = ALIGN (CONSTANT (MAXPAGESIZE))
                0x0804f000                        . = SEGMENT_START ("rodata-segment", (ALIGN (CONSTANT (MAXPAGESIZE)) + (. & (CONSTANT (MAXPAGESIZE) - 0x1))))

.rodata         0x0804f000     0x106b
 *(SORT_BY_ALIGNMENT(.rodata) SORT_BY_ALIGNMENT(.rodata.*) SORT_BY_ALIGNMENT(.gnu.linkonce.r.*))
 .rodata.cst16  0x0804f000       0x10 zephyr/boards/native/native_posix/libboards__native__native_posix.a(hw_counter.c.obj)
 .rodata.cst8   0x0804f010       0x28 zephyr/boards/native/native_posix/libboards__native__native_posix.a(timer_model.c.obj)
 .rodata.cst4   0x0804f038       0x18 /usr/lib/gcc/x86_64-linux-gnu/13/../../../../lib32/Scrt1.o
                                  0x4 (size before relaxing)
                0x0804f038                _IO_stdin_used
 .rodata.z_cbvprintf_impl
                0x0804f050       0xc0 zephyr/libzephyr.a(cbprintf_complete.c.obj)
 .rodata.native_pre_tasks.0
                0x0804f110       0x18 zephyr/soc/soc/native/libsoc__native__inf_clock.a(native_tasks.c.obj)
 .rodata.cst4   0x0804f128        0x8 zephyr/boards/native/native_posix/libboards__native__native_posix.a(hw_models_top.c.obj)
 .rodata.cst4   0x0804f128       0x10 zephyr/boards/native/native_posix/libboards__native__native_posix.a(timer_model.c.obj)
 .rodata.__func__.0
                0x0804f128       0x1d zephyr/boards/native/native_posix/libboards__native__native_posix.a(irq_handler.c.obj)
 *fill*         0x0804f145        0x3 
 .rodata.rtc_emul_driver_api
                0x0804f148        0x8 zephyr/drivers/rtc/libdrivers__rtc.a(rtc_emul.c.obj)
 .rodata.rtc_emul_days_in_month_with_leap
                0x0804f150        0xc zephyr/drivers/rtc/libdrivers__rtc.a(rtc_emul.c.obj)
 .rodata.rtc_emul_days_in_month
                0x0804f15c        0xc zephyr/drivers/rtc/libdrivers__rtc.a(rtc_emul.c.obj)
 .rodata.levels.0
                0x0804f168       0x18 zephyr/kernel/libkernel.a(init.c.obj)
 .rodata._posix_zephyr_main.str1.1
                0x0804f180      0xeeb app/libapp.a(main.c.obj)
                                 0x7e (size before relaxing)
 .rodata.z_thread_entry.str1.1
                0x0805006b       0x4e zephyr/libzephyr.a(thread_entry.c.obj)
 .rodata.z_cbvprintf_impl.str1.1
                0x0805006b        0x6 zephyr/libzephyr.a(cbprintf_complete.c.obj)
 .rodata.arch_system_halt.str1.1
                0x0805006b       0x6c zephyr/arch/arch/posix/core/libarch__posix__core.a(fatal.c.obj)
 .rodata.z_impl_k_thread_abort.str1.1
                0x0805006b       0x77 zephyr/arch/arch/posix/core/libarch__posix__core.a(thread.c.obj)
 .rodata.ttable_get_element.str1.1
                0x0805006b       0x4f zephyr/arch/arch/posix/core/libarch__posix__core.a(nct.c.obj)
 .rodata.nsi_safe_call.str1.1
                0x0805006b        0xe zephyr/arch/arch/posix/core/libarch__posix__core.a(nct.c.obj)
 .rodata.nct_cleanup_handler.str1.1
                0x0805006b       0x29 zephyr/arch/arch/posix/core/libarch__posix__core.a(nct.c.obj)
 .rodata.nct_thread_starter.str1.1
                0x0805006b       0x57 zephyr/arch/arch/posix/core/libarch__posix__core.a(nct.c.obj)
 .rodata.nct_swap_threads.str1.1
                0x0805006b       0x2c zephyr/arch/arch/posix/core/libarch__posix__core.a(nct.c.obj)
 .rodata.nct_new_thread.str1.1
                0x0805006b       0x70 zephyr/arch/arch/posix/core/libarch__posix__core.a(nct.c.obj)
 .rodata.nct_init.str1.1
                0x0805006b       0x5a zephyr/arch/arch/posix/core/libarch__posix__core.a(nct.c.obj)
 .rodata.nsi_safe_call.str1.1
                0x0805006b        0xe zephyr/arch/arch/posix/core/libarch__posix__core.a(nce.c.obj)
 .rodata.sw_wrapper.str1.1
                0x0805006b       0x48 zephyr/arch/arch/posix/core/libarch__posix__core.a(nce.c.obj)
 .rodata.change_cpu_state_and_wait.str1.1
                0x0805006b       0x28 zephyr/arch/arch/posix/core/libarch__posix__core.a(nce.c.obj)
 .rodata.nce_init.str1.1
                0x0805006b       0x6e zephyr/arch/arch/posix/core/libarch__posix__core.a(nce.c.obj)
 .rodata.nce_boot_cpu.str1.1
                0x0805006b       0x37 zephyr/arch/arch/posix/core/libarch__posix__core.a(nce.c.obj)
 .rodata.nce_halt_cpu.str1.1
                0x0805006b       0x37 zephyr/arch/arch/posix/core/libarch__posix__core.a(nce.c.obj)
 .rodata.nce_wake_cpu.str1.1
                0x0805006b       0x1c zephyr/arch/arch/posix/core/libarch__posix__core.a(nce.c.obj)
 .rodata.hwm_set_sig_handler.str1.1
                0x0805006b       0x71 zephyr/boards/native/native_posix/libboards__native__native_posix.a(hw_models_top.c.obj)
 .rodata.hwm_one_event.str1.1
                0x0805006b       0x67 zephyr/boards/native/native_posix/libboards__native__native_posix.a(hw_models_top.c.obj)
 .rodata.cmd_rt_ratio_found.str1.1
                0x0805006b       0x3c zephyr/boards/native/native_posix/libboards__native__native_posix.a(timer_model.c.obj)
 .rodata.cmd_rt_drift_found.str1.1
                0x0805006b       0x3d zephyr/boards/native/native_posix/libboards__native__native_posix.a(timer_model.c.obj)
 .rodata.cmd_stop_at_found.str1.1
                0x0805006b       0x26 zephyr/boards/native/native_posix/libboards__native__native_posix.a(timer_model.c.obj)
 .rodata.str1.1
                0x0805006b      0x3e8 zephyr/boards/native/native_posix/libboards__native__native_posix.a(timer_model.c.obj)
 .rodata.posix_irq_handler.str1.1
                0x0805006b       0x2e zephyr/boards/native/native_posix/libboards__native__native_posix.a(irq_handler.c.obj)
 .rodata.posix_irq_handler_im_from_sw.str1.1
                0x0805006b       0x35 zephyr/boards/native/native_posix/libboards__native__native_posix.a(irq_handler.c.obj)
 .rodata.posix_isr_declare.str1.1
                0x0805006b       0x32 zephyr/boards/native/native_posix/libboards__native__native_posix.a(irq_handler.c.obj)
 .rodata.str1.1
                0x0805006b       0xbe zephyr/boards/native/native_posix/libboards__native__native_posix.a(tracing.c.obj)
 .rodata.cmd_gen_switch_syntax.constprop.0.str1.1
                0x0805006b       0x78 zephyr/boards/native/native_posix/libboards__native__native_posix.a(cmdline_common.c.obj)
 .rodata.cmd_is_option.str1.1
                0x0805006b       0x5a zephyr/boards/native/native_posix/libboards__native__native_posix.a(cmdline_common.c.obj)
 .rodata.cmd_is_help_option.str1.1
                0x0805006b        0x9 zephyr/boards/native/native_posix/libboards__native__native_posix.a(cmdline_common.c.obj)
 .rodata.cmd_read_option_value.str1.1
                0x0805006b       0x76 zephyr/boards/native/native_posix/libboards__native__native_posix.a(cmdline_common.c.obj)
 .rodata.cmd_print_switches_help.str1.1
                0x0805006b       0x22 zephyr/boards/native/native_posix/libboards__native__native_posix.a(cmdline_common.c.obj)
 .rodata.cmd_print_long_help.str1.1
                0x0805006b       0x7f zephyr/boards/native/native_posix/libboards__native__native_posix.a(cmdline_common.c.obj)
 .rodata.cmd_parse_one_arg.str1.1
                0x0805006b       0x4b zephyr/boards/native/native_posix/libboards__native__native_posix.a(cmdline_common.c.obj)
 .rodata.native_add_command_line_opts.str1.1
                0x0805006b       0x1a zephyr/boards/native/native_posix/libboards__native__native_posix.a(cmdline.c.obj)
 .rodata.native_handle_cmd_line.str1.1
                0x0805006b       0x5f zephyr/boards/native/native_posix/libboards__native__native_posix.a(cmdline.c.obj)
 .rodata.str1.1
                0x0805006b       0x66 zephyr/boards/native/native_posix/libboards__native__native_posix.a(cmdline.c.obj)
 .rodata.print_char.str1.1
                0x0805006b        0x4 zephyr/drivers/console/libdrivers__console.a(posix_arch_console.c.obj)
 .rodata.str1.1
                0x0805006b        0x4 zephyr/drivers/rtc/libdrivers__rtc.a(rtc_emul.c.obj)
 .rodata.z_cstart.str1.1
                0x0805006b       0x4b zephyr/kernel/libkernel.a(init.c.obj)
 .rodata.z_thread_abort.str1.1
                0x0805006b       0x2b zephyr/kernel/libkernel.a(sched.c.obj)
 .rodata.boot_banner.str1.1
                0x0805006b       0x28 zephyr/kernel/libkernel.a(banner.c.obj)
 .rodata.k_sys_work_q_init.str1.1
                0x0805006b        0x9 zephyr/kernel/libkernel.a(system_work_q.c.obj)

.rodata1
 *(SORT_BY_ALIGNMENT(.rodata1))

.eh_frame_hdr   0x0805006c       0x3c
 *(SORT_BY_ALIGNMENT(.eh_frame_hdr))
 .eh_frame_hdr  0x0805006c       0x3c /usr/lib/gcc/x86_64-linux-gnu/13/../../../../lib32/Scrt1.o
                0x0805006c                __GNU_EH_FRAME_HDR
 *(SORT_BY_ALIGNMENT(.eh_frame_entry) SORT_BY_ALIGNMENT(.eh_frame_entry.*))

.eh_frame       0x080500a8      0x158
 *(SORT_BY_ALIGNMENT(.eh_frame))
 .eh_frame      0x080500a8       0x2c /usr/lib/gcc/x86_64-linux-gnu/13/../../../../lib32/Scrt1.o
 .eh_frame      0x080500d4       0x3c /usr/lib/gcc/x86_64-linux-gnu/13/../../../../lib32/Scrt1.o
                                 0x40 (size before relaxing)
 .eh_frame      0x08050110       0x14 /usr/lib/gcc/x86_64-linux-gnu/13/../../../../lib32/Scrt1.o
                                 0x2c (size before relaxing)
 .eh_frame      0x08050124        0x0 /usr/lib/gcc/x86_64-linux-gnu/13/32/libgcc.a(_popcountsi2.o)
                                 0x38 (size before relaxing)
 .eh_frame      0x08050124        0x0 /usr/lib/gcc/x86_64-linux-gnu/13/32/libgcc.a(_divdi3.o)
                                 0x48 (size before relaxing)
 .eh_frame      0x08050124       0x4c /usr/lib/gcc/x86_64-linux-gnu/13/32/libgcc.a(_udivdi3.o)
                                 0x64 (size before relaxing)
 .eh_frame      0x08050170       0x5c /usr/lib/gcc/x86_64-linux-gnu/13/32/libgcc.a(_umoddi3.o)
                                 0x74 (size before relaxing)
 .eh_frame      0x080501cc       0x30 /usr/lib/gcc/x86_64-linux-gnu/13/32/libgcc.a(_udivmoddi4.o)
                                 0x48 (size before relaxing)
 .eh_frame      0x080501fc        0x4 /usr/lib/gcc/x86_64-linux-gnu/13/32/crtendS.o
 *(SORT_BY_ALIGNMENT(.eh_frame.*))

.sframe
 *(SORT_BY_ALIGNMENT(.sframe))
 *(SORT_BY_ALIGNMENT(.sframe.*))

.gcc_except_table
 *(SORT_BY_ALIGNMENT(.gcc_except_table) SORT_BY_ALIGNMENT(.gcc_except_table.*))

.gnu_extab
 *(SORT_BY_ALIGNMENT(.gnu_extab*))

.exception_ranges
 *(SORT_BY_ALIGNMENT(.exception_ranges*))
                0x08051e34                        . = DATA_SEGMENT_ALIGN (CONSTANT (MAXPAGESIZE), CONSTANT (COMMONPAGESIZE))

.eh_frame
 *(SORT_BY_ALIGNMENT(.eh_frame))
 *(SORT_BY_ALIGNMENT(.eh_frame.*))

.sframe
 *(SORT_BY_ALIGNMENT(.sframe))
 *(SORT_BY_ALIGNMENT(.sframe.*))

.gnu_extab
 *(SORT_BY_ALIGNMENT(.gnu_extab))

.gcc_except_table
 *(SORT_BY_ALIGNMENT(.gcc_except_table) SORT_BY_ALIGNMENT(.gcc_except_table.*))

.exception_ranges
 *(SORT_BY_ALIGNMENT(.exception_ranges*))

.tdata          0x08051e34        0x0
                [!provide]                        PROVIDE (__tdata_start = .)
 *(SORT_BY_ALIGNMENT(.tdata) SORT_BY_ALIGNMENT(.tdata.*) SORT_BY_ALIGNMENT(.gnu.linkonce.td.*))

.tbss
 *(SORT_BY_ALIGNMENT(.tbss) SORT_BY_ALIGNMENT(.tbss.*) SORT_BY_ALIGNMENT(.gnu.linkonce.tb.*))
 *(SORT_BY_ALIGNMENT(.tcommon))

.preinit_array  0x08051e34        0x0
                [!provide]                        PROVIDE (__preinit_array_start = .)
 *(SORT_BY_ALIGNMENT(.preinit_array))
                [!provide]                        PROVIDE (__preinit_array_end = .)

.init_array     0x08051e34        0x4
                [!provide]                        PROVIDE (__init_array_start = .)
 *(SORT_BY_INIT_PRIORITY(.init_array.*) SORT_BY_INIT_PRIORITY(.ctors.*))
 *(SORT_BY_ALIGNMENT(.init_array) SORT_BY_ALIGNMENT(EXCLUDE_FILE(*crtend?.o *crtend.o *crtbegin?.o *crtbegin.o) .ctors))
 .init_array    0x08051e34        0x4 /usr/lib/gcc/x86_64-linux-gnu/13/32/crtbeginS.o
                [!provide]                        PROVIDE (__init_array_end = .)

.fini_array     0x08051e38        0x4
                [!provide]                        PROVIDE (__fini_array_start = .)
 *(SORT_BY_INIT_PRIORITY(.fini_array.*) SORT_BY_INIT_PRIORITY(.dtors.*))
 *(SORT_BY_ALIGNMENT(.fini_array) SORT_BY_ALIGNMENT(EXCLUDE_FILE(*crtend?.o *crtend.o *crtbegin?.o *crtbegin.o) .dtors))
 .fini_array    0x08051e38        0x4 /usr/lib/gcc/x86_64-linux-gnu/13/32/crtbeginS.o
                [!provide]                        PROVIDE (__fini_array_end = .)

.ctors
 *crtbegin.o(SORT_BY_ALIGNMENT(.ctors))
 *crtbegin?.o(SORT_BY_ALIGNMENT(.ctors))
 *(SORT_BY_ALIGNMENT(EXCLUDE_FILE(*crtend?.o *crtend.o) .ctors))
 *(SORT_BY_NAME(SORT_BY_ALIGNMENT(.ctors.*)))
 *(SORT_BY_ALIGNMENT(.ctors))

.dtors
 *crtbegin.o(SORT_BY_ALIGNMENT(.dtors))
 *crtbegin?.o(SORT_BY_ALIGNMENT(.dtors))
 *(SORT_BY_ALIGNMENT(EXCLUDE_FILE(*crtend?.o *crtend.o) .dtors))
 *(SORT_BY_NAME(SORT_BY_ALIGNMENT(.dtors.*)))
 *(SORT_BY_ALIGNMENT(.dtors))

.jcr
 *(SORT_BY_ALIGNMENT(.jcr))

.data.rel.ro    0x08051e3c        0x0
 *(SORT_BY_ALIGNMENT(.data.rel.ro.local*) SORT_BY_ALIGNMENT(.gnu.linkonce.d.rel.ro.local.*))
 *(SORT_BY_ALIGNMENT(.data.rel.ro) SORT_BY_ALIGNMENT(.data.rel.ro.*) SORT_BY_ALIGNMENT(.gnu.linkonce.d.rel.ro.*))
 .data.rel.ro   0x08051e3c        0x0 /usr/lib/gcc/x86_64-linux-gnu/13/../../../../lib32/Scrt1.o

.dynamic        0x08051e3c      0x100
 *(SORT_BY_ALIGNMENT(.dynamic))
 .dynamic       0x08051e3c      0x100 /usr/lib/gcc/x86_64-linux-gnu/13/../../../../lib32/Scrt1.o
                0x08051e3c                _DYNAMIC

.got            0x08051f3c       0xc4
 *(SORT_BY_ALIGNMENT(.got.plt))
 .got.plt       0x08051f3c       0xb0 /usr/lib/gcc/x86_64-linux-gnu/13/../../../../lib32/Scrt1.o
                0x08051f3c                _GLOBAL_OFFSET_TABLE_
 *(SORT_BY_ALIGNMENT(.igot.plt))
 .igot.plt      0x08051fec        0x0 /usr/lib/gcc/x86_64-linux-gnu/13/../../../../lib32/Scrt1.o
 *(SORT_BY_ALIGNMENT(.got))
 .got           0x08051fec       0x14 /usr/lib/gcc/x86_64-linux-gnu/13/../../../../lib32/Scrt1.o
 *(SORT_BY_ALIGNMENT(.igot))
                0x08052000                        . = DATA_SEGMENT_RELRO_END (., 0x0)

.data           0x08052000      0x1d5
 *(SORT_BY_ALIGNMENT(.data) SORT_BY_ALIGNMENT(.data.*) SORT_BY_ALIGNMENT(.gnu.linkonce.d.*))
 .data.timer_options.0
                0x08052000       0xe0 zephyr/boards/native/native_posix/libboards__native__native_posix.a(timer_model.c.obj)
 .data.trace_options.0
                0x080520e0       0x70 zephyr/boards/native/native_posix/libboards__native__native_posix.a(tracing.c.obj)
 *fill*         0x08052150       0x10 
 .data.testargs_options.0
                0x08052160       0x38 zephyr/boards/native/native_posix/libboards__native__native_posix.a(cmdline.c.obj)
 .data.end_of_time
                0x08052198        0x8 zephyr/boards/native/native_posix/libboards__native__native_posix.a(hw_models_top.c.obj)
 .data.clock_ratio
                0x080521a0        0x8 zephyr/boards/native/native_posix/libboards__native__native_posix.a(timer_model.c.obj)
 .data.irq_ctrl_timer
                0x080521a8        0x8 zephyr/boards/native/native_posix/libboards__native__native_posix.a(irq_ctrl.c.obj)
                0x080521a8                irq_ctrl_timer
 .data.rel.local
                0x080521b0        0x4 /usr/lib/gcc/x86_64-linux-gnu/13/32/crtbeginS.o
                0x080521b0                __dso_handle
 .data._char_out
                0x080521b4        0x4 zephyr/libzephyr.a(printk.c.obj)
 .data.next_timer_index
                0x080521b8        0x4 zephyr/boards/native/native_posix/libboards__native__native_posix.a(hw_models_top.c.obj)
 .data.currently_running_irq
                0x080521bc        0x4 zephyr/boards/native/native_posix/libboards__native__native_posix.a(irq_handler.c.obj)
 .data.currently_running_prio
                0x080521c0        0x4 zephyr/boards/native/native_posix/libboards__native__native_posix.a(irq_ctrl.c.obj)
 .data.is_a_tty
                0x080521c4        0x8 zephyr/boards/native/native_posix/libboards__native__native_posix.a(tracing.c.obj)
 .data.timeout_list
                0x080521cc        0x8 zephyr/kernel/libkernel.a(timeout.c.obj)
 .data.real_time_mode
                0x080521d4        0x1 zephyr/boards/native/native_posix/libboards__native__native_posix.a(timer_model.c.obj)
LOAD /usr/lib/gcc/x86_64-linux-gnu/13/../../../../lib32/Scrt1.o
LOAD /usr/lib/gcc/x86_64-linux-gnu/13/../../../../lib32/crti.o
LOAD /usr/lib/gcc/x86_64-linux-gnu/13/32/crtbeginS.o
LOAD zephyr/CMakeFiles/zephyr_pre0.dir/misc/empty_file.c.obj
LOAD zephyr/CMakeFiles/offsets.dir/./arch/posix/core/offsets/offsets.c.obj
LOAD app/libapp.a
LOAD zephyr/libzephyr.a
LOAD zephyr/arch/arch/posix/core/libarch__posix__core.a
LOAD zephyr/soc/soc/native/libsoc__native__inf_clock.a
LOAD zephyr/boards/native/native_posix/libboards__native__native_posix.a
LOAD zephyr/drivers/console/libdrivers__console.a
LOAD zephyr/drivers/rtc/libdrivers__rtc.a
LOAD zephyr/drivers/timer/libdrivers__timer.a
LOAD zephyr/kernel/libkernel.a
LOAD /usr/lib/gcc/x86_64-linux-gnu/13/../../../../lib32/libdl.a
LOAD /usr/lib/gcc/x86_64-linux-gnu/13/../../../../lib32/libm.so
LOAD /usr/lib/gcc/x86_64-linux-gnu/13/32/libgcc.a
LOAD /usr/lib/gcc/x86_64-linux-gnu/13/32/libgcc_s.so
START GROUP
LOAD /usr/lib/gcc/x86_64-linux-gnu/13/../../../../lib32/libgcc_s.so.1
LOAD /usr/lib/gcc/x86_64-linux-gnu/13/32/libgcc.a
END GROUP
LOAD /usr/lib/gcc/x86_64-linux-gnu/13/../../../../lib32/libpthread.a
LOAD /usr/lib/gcc/x86_64-linux-gnu/13/../../../../lib32/libc.so
START GROUP
LOAD /lib32/libc.so.6
LOAD /usr/lib32/libc_nonshared.a
LOAD /lib/ld-linux.so.2
END GROUP
LOAD /usr/lib/gcc/x86_64-linux-gnu/13/32/libgcc.a
LOAD /usr/lib/gcc/x86_64-linux-gnu/13/32/libgcc_s.so
START GROUP
LOAD /usr/lib/gcc/x86_64-linux-gnu/13/../../../../lib32/libgcc_s.so.1
LOAD /usr/lib/gcc/x86_64-linux-gnu/13/32/libgcc.a
END GROUP
LOAD /usr/lib/gcc/x86_64-linux-gnu/13/32/crtendS.o
LOAD /usr/lib/gcc/x86_64-linux-gnu/13/../../../../lib32/crtn.o

.tm_clone_table
                0x080521d8        0x0
 .tm_clone_table
                0x080521d8        0x0 /usr/lib/gcc/x86_64-linux-gnu/13/32/crtbeginS.o
 .tm_clone_table
                0x080521d8        0x0 /usr/lib/gcc/x86_64-linux-gnu/13/32/crtendS.o

.native_sim_if.data
 *(SORT_BY_ALIGNMENT(.native_sim_if.data))

rom_start

initlevel       0x080521d8       0x20
                0x080521d8                        __init_start = .
                0x080521d8                        __init_EARLY_start = .
 *(SORT_BY_NAME(SORT_BY_ALIGNMENT(.z_init_EARLY?_*)))
 *(SORT_BY_NAME(SORT_BY_ALIGNMENT(.z_init_EARLY??_*)))
                0x080521d8                        __init_PRE_KERNEL_1_start = .
 *(SORT_BY_NAME(SORT_BY_ALIGNMENT(.z_init_PRE_KERNEL_1?_*)))
 *(SORT_BY_NAME(SORT_BY_ALIGNMENT(.z_init_PRE_KERNEL_1??_*)))
 .z_init_PRE_KERNEL_199_0_
                0x080521d8        0x8 zephyr/drivers/console/libdrivers__console.a(posix_arch_console.c.obj)
                0x080521e0                        __init_PRE_KERNEL_2_start = .
 *(SORT_BY_NAME(SORT_BY_ALIGNMENT(.z_init_PRE_KERNEL_2?_*)))
 .z_init_PRE_KERNEL_20_0_
                0x080521e0        0x8 zephyr/drivers/timer/libdrivers__timer.a(native_posix_timer.c.obj)
 *(SORT_BY_NAME(SORT_BY_ALIGNMENT(.z_init_PRE_KERNEL_2??_*)))
                0x080521e8                        __init_POST_KERNEL_start = .
 *(SORT_BY_NAME(SORT_BY_ALIGNMENT(.z_init_POST_KERNEL?_*)))
 *(SORT_BY_NAME(SORT_BY_ALIGNMENT(.z_init_POST_KERNEL??_*)))
 .z_init_POST_KERNEL40_0_
                0x080521e8        0x8 zephyr/kernel/libkernel.a(system_work_q.c.obj)
 .z_init_POST_KERNEL50_00016_
                0x080521f0        0x8 zephyr/drivers/rtc/libdrivers__rtc.a(rtc_emul.c.obj)
                0x080521f8                        __init_APPLICATION_start = .
 *(SORT_BY_NAME(SORT_BY_ALIGNMENT(.z_init_APPLICATION?_*)))
 *(SORT_BY_NAME(SORT_BY_ALIGNMENT(.z_init_APPLICATION??_*)))
                0x080521f8                        __init_SMP_start = .
 *(SORT_BY_NAME(SORT_BY_ALIGNMENT(.z_init_SMP?_*)))
 *(SORT_BY_NAME(SORT_BY_ALIGNMENT(.z_init_SMP??_*)))
                0x080521f8                        __init_end = .
                0x080521f8                        __deferred_init_list_start = .
 *(SORT_BY_ALIGNMENT(.z_deferred_init*))
                0x080521f8                        __deferred_init_list_end = .

device_area     0x080521f8       0x14
                0x080521f8                        _device_list_start = .
 *(SORT_BY_NAME(SORT_BY_ALIGNMENT(._device.static.*_?_*)))
 *(SORT_BY_NAME(SORT_BY_ALIGNMENT(._device.static.*_??_*)))
 ._device.static.3_50_
                0x080521f8       0x14 zephyr/drivers/rtc/libdrivers__rtc.a(rtc_emul.c.obj)
                0x080521f8                __device_dts_ord_16
                0x0805220c                        _device_list_end = .

initlevel_error
 *(SORT_BY_NAME(SORT_BY_ALIGNMENT(.z_init_[_A-Z0-9]*)))
                0x00000001                        ASSERT ((SIZEOF (initlevel_error) == 0x0), Undefined initialization levels used.)

app_shmem_regions
                0x0805220c        0x0
                0x0805220c                        __app_shmem_regions_start = .
 *(SORT_BY_NAME(SORT_BY_ALIGNMENT(.app_regions.*)))
                0x0805220c                        __app_shmem_regions_end = .

k_p4wq_initparam_area
                0x0805220c        0x0
                0x0805220c                        _k_p4wq_initparam_list_start = .
 *(SORT_BY_NAME(SORT_BY_ALIGNMENT(._k_p4wq_initparam.static.*)))
                0x0805220c                        _k_p4wq_initparam_list_end = .

_static_thread_data_area
                0x0805220c        0x0
                0x0805220c                        __static_thread_data_list_start = .
 *(SORT_BY_NAME(SORT_BY_ALIGNMENT(.__static_thread_data.static.*)))
                0x0805220c                        __static_thread_data_list_end = .

device_deps     0x0805220c        0x0
                0x0805220c                        __device_deps_start = .
 *(SORT_BY_NAME(SORT_BY_ALIGNMENT(.__device_deps_pass2*)))
                0x0805220c                        __device_deps_end = .

ztest           0x0805220c        0x0
                0x0805220c                        _ztest_expected_result_entry_list_start = .
 *(SORT_BY_NAME(SORT_BY_ALIGNMENT(._ztest_expected_result_entry.static.*)))
                0x0805220c                        _ztest_expected_result_entry_list_end = .
                0x0805220c                        _ztest_suite_node_list_start = .
 *(SORT_BY_NAME(SORT_BY_ALIGNMENT(._ztest_suite_node.static.*)))
                0x0805220c                        _ztest_suite_node_list_end = .
                0x0805220c                        _ztest_unit_test_list_start = .
 *(SORT_BY_NAME(SORT_BY_ALIGNMENT(._ztest_unit_test.static.*)))
                0x0805220c                        _ztest_unit_test_list_end = .
                0x0805220c                        _ztest_test_rule_list_start = .
 *(SORT_BY_NAME(SORT_BY_ALIGNMENT(._ztest_test_rule.static.*)))
                0x0805220c                        _ztest_test_rule_list_end = .

bt_l2cap_fixed_chan_area
                0x0805220c        0x0
                0x0805220c                        _bt_l2cap_fixed_chan_list_start = .
 *(SORT_BY_NAME(SORT_BY_ALIGNMENT(._bt_l2cap_fixed_chan.static.*)))
                0x0805220c                        _bt_l2cap_fixed_chan_list_end = .

bt_gatt_service_static_area
                0x0805220c        0x0
                0x0805220c                        _bt_gatt_service_static_list_start = .
 *(SORT_BY_NAME(SORT_BY_ALIGNMENT(._bt_gatt_service_static.static.*)))
                0x0805220c                        _bt_gatt_service_static_list_end = .

log_strings_area
                0x0805220c        0x0
                0x0805220c                        _log_strings_list_start = .
 *(SORT_BY_NAME(SORT_BY_ALIGNMENT(._log_strings.static.*)))
                0x0805220c                        _log_strings_list_end = .

log_const_area  0x0805220c        0x0
                0x0805220c                        _log_const_list_start = .
 *(SORT_BY_NAME(SORT_BY_ALIGNMENT(._log_const.static.*)))
                0x0805220c                        _log_const_list_end = .

log_backend_area
                0x0805220c        0x0
                0x0805220c                        _log_backend_list_start = .
 *(SORT_BY_NAME(SORT_BY_ALIGNMENT(._log_backend.static.*)))
                0x0805220c                        _log_backend_list_end = .

log_link_area   0x0805220c        0x0
                0x0805220c                        _log_link_list_start = .
 *(SORT_BY_NAME(SORT_BY_ALIGNMENT(._log_link.static.*)))
                0x0805220c                        _log_link_list_end = .

tracing_backend_area
                0x0805220c        0x0
                0x0805220c                        _tracing_backend_list_start = .
 *(SORT_BY_NAME(SORT_BY_ALIGNMENT(._tracing_backend.static.*)))
                0x0805220c                        _tracing_backend_list_end = .

zephyr_dbg_info
 *(SORT_BY_ALIGNMENT(.dbg_thread_info))

intc_table_area
                0x0805220c        0x0
                0x0805220c                        _intc_table_list_start = .
 *(SORT_BY_NAME(SORT_BY_ALIGNMENT(._intc_table.static.*)))
                0x0805220c                        _intc_table_list_end = .

symbol_to_keep  0x0805220c        0x0
                0x0805220c                        __symbol_to_keep_start = .
 *(SORT_BY_NAME(SORT_BY_ALIGNMENT(.symbol_to_keep*)))
                0x0805220c                        __symbol_to_keep_end = .

shell_area      0x0805220c        0x0
                0x0805220c                        _shell_list_start = .
 *(SORT_BY_NAME(SORT_BY_ALIGNMENT(._shell.static.*)))
                0x0805220c                        _shell_list_end = .

shell_root_cmds_area
                0x0805220c        0x0
                0x0805220c                        _shell_root_cmds_list_start = .
 *(SORT_BY_NAME(SORT_BY_ALIGNMENT(._shell_root_cmds.static.*)))
                0x0805220c                        _shell_root_cmds_list_end = .

shell_subcmds_area
                0x0805220c        0x0
                0x0805220c                        _shell_subcmds_list_start = .
 *(SORT_BY_NAME(SORT_BY_ALIGNMENT(._shell_subcmds.static.*)))
                0x0805220c                        _shell_subcmds_list_end = .

shell_dynamic_subcmds_area
                0x0805220c        0x0
                0x0805220c                        _shell_dynamic_subcmds_list_start = .
 *(SORT_BY_NAME(SORT_BY_ALIGNMENT(._shell_dynamic_subcmds.static.*)))
                0x0805220c                        _shell_dynamic_subcmds_list_end = .

cfb_font_area   0x0805220c        0x0
                0x0805220c                        _cfb_font_list_start = .
 *(SORT_BY_NAME(SORT_BY_ALIGNMENT(._cfb_font.static.*)))
                0x0805220c                        _cfb_font_list_end = .

rodata

datas

device_states   0x0805220c        0x2
                0x0805220c                        __device_states_start = .
 *(SORT_BY_ALIGNMENT(.z_devstate))
 .z_devstate    0x0805220c        0x2 zephyr/drivers/rtc/libdrivers__rtc.a(rtc_emul.c.obj)
 *(SORT_BY_ALIGNMENT(.z_devstate.*))
                0x0805220e                        __device_states_end = .

log_mpsc_pbuf_area
                0x0805220e        0x0
                0x0805220e                        _log_mpsc_pbuf_list_start = .
 *(SORT_BY_NAME(SORT_BY_ALIGNMENT(._log_mpsc_pbuf.static.*)))
                0x0805220e                        _log_mpsc_pbuf_list_end = .

log_msg_ptr_area
                0x0805220e        0x0
                0x0805220e                        _log_msg_ptr_list_start = .
 *(SORT_BY_NAME(SORT_BY_ALIGNMENT(._log_msg_ptr.static.*)))
                0x0805220e                        _log_msg_ptr_list_end = .

log_dynamic_area
                0x0805220e        0x0
                0x0805220e                        _log_dynamic_list_start = .
 *(SORT_BY_NAME(SORT_BY_ALIGNMENT(._log_dynamic.static.*)))
                0x0805220e                        _log_dynamic_list_end = .

k_timer_area    0x0805220e        0x0
                0x0805220e                        _k_timer_list_start = .
 *(SORT_BY_NAME(SORT_BY_ALIGNMENT(._k_timer.static.*)))
                0x0805220e                        _k_timer_list_end = .

k_mem_slab_area
                0x0805220e        0x0
                0x0805220e                        _k_mem_slab_list_start = .
 *(SORT_BY_NAME(SORT_BY_ALIGNMENT(._k_mem_slab.static.*)))
                0x0805220e                        _k_mem_slab_list_end = .

k_heap_area     0x0805220e        0x0
                0x0805220e                        _k_heap_list_start = .
 *(SORT_BY_NAME(SORT_BY_ALIGNMENT(._k_heap.static.*)))
                0x0805220e                        _k_heap_list_end = .

k_mutex_area    0x0805220e        0x0
                0x0805220e                        _k_mutex_list_start = .
 *(SORT_BY_NAME(SORT_BY_ALIGNMENT(._k_mutex.static.*)))
                0x0805220e                        _k_mutex_list_end = .

k_stack_area    0x0805220e        0x0
                0x0805220e                        _k_stack_list_start = .
 *(SORT_BY_NAME(SORT_BY_ALIGNMENT(._k_stack.static.*)))
                0x0805220e                        _k_stack_list_end = .

k_msgq_area     0x0805220e        0x0
                0x0805220e                        _k_msgq_list_start = .
 *(SORT_BY_NAME(SORT_BY_ALIGNMENT(._k_msgq.static.*)))
                0x0805220e                        _k_msgq_list_end = .

k_mbox_area     0x0805220e        0x0
                0x0805220e                        _k_mbox_list_start = .
 *(SORT_BY_NAME(SORT_BY_ALIGNMENT(._k_mbox.static.*)))
                0x0805220e                        _k_mbox_list_end = .

k_pipe_area     0x0805220e        0x0
                0x0805220e                        _k_pipe_list_start = .
 *(SORT_BY_NAME(SORT_BY_ALIGNMENT(._k_pipe.static.*)))
                0x0805220e                        _k_pipe_list_end = .

k_sem_area      0x0805220e        0x0
                0x0805220e                        _k_sem_list_start = .
 *(SORT_BY_NAME(SORT_BY_ALIGNMENT(._k_sem.static.*)))
                0x0805220e                        _k_sem_list_end = .

k_event_area    0x0805220e        0x0
                0x0805220e                        _k_event_list_start = .
 *(SORT_BY_NAME(SORT_BY_ALIGNMENT(._k_event.static.*)))
                0x0805220e                        _k_event_list_end = .

k_queue_area    0x0805220e        0x0
                0x0805220e                        _k_queue_list_start = .
 *(SORT_BY_NAME(SORT_BY_ALIGNMENT(._k_queue.static.*)))
                0x0805220e                        _k_queue_list_end = .

k_fifo_area     0x0805220e        0x0
                0x0805220e                        _k_fifo_list_start = .
 *(SORT_BY_NAME(SORT_BY_ALIGNMENT(._k_fifo.static.*)))
                0x0805220e                        _k_fifo_list_end = .

k_lifo_area     0x0805220e        0x0
                0x0805220e                        _k_lifo_list_start = .
 *(SORT_BY_NAME(SORT_BY_ALIGNMENT(._k_lifo.static.*)))
                0x0805220e                        _k_lifo_list_end = .

k_condvar_area  0x0805220e        0x0
                0x0805220e                        _k_condvar_list_start = .
 *(SORT_BY_NAME(SORT_BY_ALIGNMENT(._k_condvar.static.*)))
                0x0805220e                        _k_condvar_list_end = .

sys_mem_blocks_ptr_area
                0x0805220e        0x0
                0x0805220e                        _sys_mem_blocks_ptr_list_start = .
 *(SORT_BY_NAME(SORT_BY_ALIGNMENT(._sys_mem_blocks_ptr.static.*)))
                0x0805220e                        _sys_mem_blocks_ptr_list_end = .

net_buf_pool_area
                0x0805220e        0x0
                0x0805220e                        _net_buf_pool_list_start = .
 *(SORT_BY_NAME(SORT_BY_ALIGNMENT(._net_buf_pool.static.*)))
                0x0805220e                        _net_buf_pool_list_end = .

native_pre_tasks
                0x08052210        0x8
                0x08052210                        __native_tasks_start = .
                0x08052210                        __native_PRE_BOOT_1_tasks_start = .
 *(SORT_BY_NAME(SORT_BY_ALIGNMENT(.native_PRE_BOOT_1[0-9]_task)))
 .native_PRE_BOOT_11_task
                0x08052210        0x4 zephyr/boards/native/native_posix/libboards__native__native_posix.a(timer_model.c.obj)
 *(SORT_BY_NAME(SORT_BY_ALIGNMENT(.native_PRE_BOOT_1[1-9][0-9]_task)))
 *(SORT_BY_NAME(SORT_BY_ALIGNMENT(.native_PRE_BOOT_1[1-9][0-9][0-9]_task)))
                0x08052214                        __native_PRE_BOOT_2_tasks_start = .
 *(SORT_BY_NAME(SORT_BY_ALIGNMENT(.native_PRE_BOOT_2[0-9]_task)))
 .native_PRE_BOOT_20_task
                0x08052214        0x4 zephyr/boards/native/native_posix/libboards__native__native_posix.a(tracing.c.obj)
 *(SORT_BY_NAME(SORT_BY_ALIGNMENT(.native_PRE_BOOT_2[1-9][0-9]_task)))
 *(SORT_BY_NAME(SORT_BY_ALIGNMENT(.native_PRE_BOOT_2[1-9][0-9][0-9]_task)))
                0x08052218                        __native_PRE_BOOT_3_tasks_start = .
 *(SORT_BY_NAME(SORT_BY_ALIGNMENT(.native_PRE_BOOT_3[0-9]_task)))
 *(SORT_BY_NAME(SORT_BY_ALIGNMENT(.native_PRE_BOOT_3[1-9][0-9]_task)))
 *(SORT_BY_NAME(SORT_BY_ALIGNMENT(.native_PRE_BOOT_3[1-9][0-9][0-9]_task)))
                0x08052218                        __native_FIRST_SLEEP_tasks_start = .
 *(SORT_BY_NAME(SORT_BY_ALIGNMENT(.native_FIRST_SLEEP[0-9]_task)))
 *(SORT_BY_NAME(SORT_BY_ALIGNMENT(.native_FIRST_SLEEP[1-9][0-9]_task)))
 *(SORT_BY_NAME(SORT_BY_ALIGNMENT(.native_FIRST_SLEEP[1-9][0-9][0-9]_task)))
                0x08052218                        __native_ON_EXIT_tasks_start = .
 *(SORT_BY_NAME(SORT_BY_ALIGNMENT(.native_ON_EXIT[0-9]_task)))
 *(SORT_BY_NAME(SORT_BY_ALIGNMENT(.native_ON_EXIT[1-9][0-9]_task)))
 *(SORT_BY_NAME(SORT_BY_ALIGNMENT(.native_ON_EXIT[1-9][0-9][0-9]_task)))
                0x08052218                        __native_tasks_end = .
                0x08052218                        __data_region_end = .

noinit

.data1
 *(SORT_BY_ALIGNMENT(.data1))
                0x08052218                        _edata = .
                [!provide]                        PROVIDE (edata = .)
                0x08052218                        . = ALIGN (ALIGNOF (NEXT_SECTION))
                0x08052220                        __bss_start = .

.bss            0x08052220      0x67c
 *(SORT_BY_ALIGNMENT(.dynbss))
 .dynbss        0x08052220        0x8 /usr/lib/gcc/x86_64-linux-gnu/13/../../../../lib32/Scrt1.o
                0x08052220                stderr@@GLIBC_2.0
                0x08052224                stdout@@GLIBC_2.0
 *(SORT_BY_ALIGNMENT(.bss) SORT_BY_ALIGNMENT(.bss.*) SORT_BY_ALIGNMENT(.gnu.linkonce.b.*))
 *fill*         0x08052228       0x18 
 .bss.args      0x08052240       0x20 zephyr/boards/native/native_posix/libboards__native__native_posix.a(timer_model.c.obj)
 .bss.irq_vector_table
                0x08052260      0x200 zephyr/boards/native/native_posix/libboards__native__native_posix.a(irq_handler.c.obj)
 .bss.irq_prio  0x08052460       0x20 zephyr/boards/native/native_posix/libboards__native__native_posix.a(irq_ctrl.c.obj)
 .bss.stdout_buff
                0x08052480      0x100 zephyr/drivers/console/libdrivers__console.a(posix_arch_console.c.obj)
 .bss.rtc_emul_data_0
                0x08052580       0x58 zephyr/drivers/rtc/libdrivers__rtc.a(rtc_emul.c.obj)
                0x08052580                rtc_emul_data_0
 *fill*         0x080525d8        0x8 
 .bss.z_idle_threads
                0x080525e0       0x50 zephyr/kernel/libkernel.a(init.c.obj)
                0x080525e0                z_idle_threads
 *fill*         0x08052630       0x10 
 .bss.z_main_thread
                0x08052640       0x50 zephyr/kernel/libkernel.a(init.c.obj)
                0x08052640                z_main_thread
 *fill*         0x08052690       0x10 
 .bss._kernel   0x080526a0       0x20 zephyr/kernel/libkernel.a(init.c.obj)
                0x080526a0                _kernel
 .bss._thread_dummy
                0x080526c0       0x50 zephyr/kernel/libkernel.a(sched.c.obj)
                0x080526c0                _thread_dummy
 *fill*         0x08052710       0x10 
 .bss.k_sys_work_q
                0x08052720       0x6c zephyr/kernel/libkernel.a(system_work_q.c.obj)
                0x08052720                k_sys_work_q
 *fill*         0x0805278c        0x4 
 .bss.next_timer_time
                0x08052790        0x8 zephyr/boards/native/native_posix/libboards__native__native_posix.a(hw_models_top.c.obj)
 .bss.simu_time
                0x08052798        0x8 zephyr/boards/native/native_posix/libboards__native__native_posix.a(hw_models_top.c.obj)
 .bss.last_radj_stime
                0x080527a0        0x8 zephyr/boards/native/native_posix/libboards__native__native_posix.a(timer_model.c.obj)
 .bss.last_radj_rtime
                0x080527a8        0x8 zephyr/boards/native/native_posix/libboards__native__native_posix.a(timer_model.c.obj)
 .bss.rtc_offset
                0x080527b0        0x8 zephyr/boards/native/native_posix/libboards__native__native_posix.a(timer_model.c.obj)
 .bss.silent_ticks
                0x080527b8        0x8 zephyr/boards/native/native_posix/libboards__native__native_posix.a(timer_model.c.obj)
 .bss.tick_p    0x080527c0        0x8 zephyr/boards/native/native_posix/libboards__native__native_posix.a(timer_model.c.obj)
 .bss.hw_timer_awake_timer
                0x080527c8        0x8 zephyr/boards/native/native_posix/libboards__native__native_posix.a(timer_model.c.obj)
                0x080527c8                hw_timer_awake_timer
 .bss.hw_timer_tick_timer
                0x080527d0        0x8 zephyr/boards/native/native_posix/libboards__native__native_posix.a(timer_model.c.obj)
                0x080527d0                hw_timer_tick_timer
 .bss.hw_timer_timer
                0x080527d8        0x8 zephyr/boards/native/native_posix/libboards__native__native_posix.a(timer_model.c.obj)
                0x080527d8                hw_timer_timer
 .bss.irq_mask  0x080527e0        0x8 zephyr/boards/native/native_posix/libboards__native__native_posix.a(irq_ctrl.c.obj)
 .bss.irq_premask
                0x080527e8        0x8 zephyr/boards/native/native_posix/libboards__native__native_posix.a(irq_ctrl.c.obj)
 .bss.irq_status
                0x080527f0        0x8 zephyr/boards/native/native_posix/libboards__native__native_posix.a(irq_ctrl.c.obj)
 .bss.counter_wrap
                0x080527f8        0x8 zephyr/boards/native/native_posix/libboards__native__native_posix.a(hw_counter.c.obj)
 .bss.counter_period
                0x08052800        0x8 zephyr/boards/native/native_posix/libboards__native__native_posix.a(hw_counter.c.obj)
 .bss.counter_target
                0x08052808        0x8 zephyr/boards/native/native_posix/libboards__native__native_posix.a(hw_counter.c.obj)
 .bss.counter_value
                0x08052810        0x8 zephyr/boards/native/native_posix/libboards__native__native_posix.a(hw_counter.c.obj)
 .bss.hw_counter_timer
                0x08052818        0x8 zephyr/boards/native/native_posix/libboards__native__native_posix.a(hw_counter.c.obj)
                0x08052818                hw_counter_timer
 .bss.last_tick_time
                0x08052820        0x8 zephyr/drivers/timer/libdrivers__timer.a(native_posix_timer.c.obj)
 .bss.tick_period
                0x08052828        0x8 zephyr/drivers/timer/libdrivers__timer.a(native_posix_timer.c.obj)
 .bss.curr_tick
                0x08052830        0x8 zephyr/kernel/libkernel.a(timeout.c.obj)
 .bss.te_state  0x08052838        0x4 zephyr/arch/arch/posix/core/libarch__posix__core.a(posix_core_nsi.c.obj)
 .bss.nce_st    0x0805283c        0x4 zephyr/soc/soc/native/libsoc__native__inf_clock.a(soc.c.obj)
 .bss.signaled_end
                0x08052840        0x4 zephyr/boards/native/native_posix/libboards__native__native_posix.a(hw_models_top.c.obj)
 .bss.may_swap.1
                0x08052844        0x4 zephyr/boards/native/native_posix/libboards__native__native_posix.a(irq_handler.c.obj)
 .bss.max_exit_code.0
                0x08052848        0x4 zephyr/boards/native/native_posix/libboards__native__native_posix.a(main.c.obj)
 .bss.args_aval
                0x0805284c        0x4 zephyr/boards/native/native_posix/libboards__native__native_posix.a(cmdline.c.obj)
 .bss.used_args
                0x08052850        0x4 zephyr/boards/native/native_posix/libboards__native__native_posix.a(cmdline.c.obj)
 .bss.args_struct
                0x08052854        0x4 zephyr/boards/native/native_posix/libboards__native__native_posix.a(cmdline.c.obj)
 .bss.test_argv
                0x08052858        0x4 zephyr/boards/native/native_posix/libboards__native__native_posix.a(cmdline.c.obj)
 .bss.s_argv    0x0805285c        0x4 zephyr/boards/native/native_posix/libboards__native__native_posix.a(cmdline.c.obj)
 .bss.test_argc
                0x08052860        0x4 zephyr/boards/native/native_posix/libboards__native__native_posix.a(cmdline.c.obj)
 .bss.s_argc    0x08052864        0x4 zephyr/boards/native/native_posix/libboards__native__native_posix.a(cmdline.c.obj)
 .bss.n_pend    0x08052868        0x4 zephyr/drivers/console/libdrivers__console.a(posix_arch_console.c.obj)
 .bss.pending_cancels
                0x0805286c        0x8 zephyr/kernel/libkernel.a(work.c.obj)
 .bss.slice_timeouts
                0x08052874       0x14 zephyr/kernel/libkernel.a(timeslicing.c.obj)
 .bss.slice_max_prio
                0x08052888        0x4 zephyr/kernel/libkernel.a(timeslicing.c.obj)
 .bss.slice_ticks
                0x0805288c        0x4 zephyr/kernel/libkernel.a(timeslicing.c.obj)
 .bss.announce_remaining
                0x08052890        0x4 zephyr/kernel/libkernel.a(timeout.c.obj)
 .bss           0x08052894        0x1 /usr/lib/gcc/x86_64-linux-gnu/13/32/crtbeginS.o
 .bss.reset_rtc
                0x08052895        0x1 zephyr/boards/native/native_posix/libboards__native__native_posix.a(timer_model.c.obj)
 .bss.lock_ignore
                0x08052896        0x1 zephyr/boards/native/native_posix/libboards__native__native_posix.a(irq_ctrl.c.obj)
 .bss.irqs_locked
                0x08052897        0x1 zephyr/boards/native/native_posix/libboards__native__native_posix.a(irq_ctrl.c.obj)
 .bss.counter_running
                0x08052898        0x1 zephyr/boards/native/native_posix/libboards__native__native_posix.a(hw_counter.c.obj)
 .bss.z_sys_post_kernel
                0x08052899        0x1 zephyr/kernel/libkernel.a(init.c.obj)
                0x08052899                z_sys_post_kernel
 .bss.lock      0x0805289a        0x0 zephyr/kernel/libkernel.a(sem.c.obj)
 .bss.lock      0x0805289a        0x0 zephyr/kernel/libkernel.a(work.c.obj)
 .bss._sched_spinlock
                0x0805289a        0x0 zephyr/kernel/libkernel.a(sched.c.obj)
                0x0805289a                _sched_spinlock
 .bss.slice_expired
                0x0805289a        0x1 zephyr/kernel/libkernel.a(timeslicing.c.obj)
 *(SORT_BY_ALIGNMENT(COMMON))
                0x0805289c                        . = ALIGN ((. != 0x0)?0x4:0x1)
 *fill*         0x0805289b        0x1 

.noinit."WEST_TOPDIR/zephyr/kernel/init.c".2
                0x0805289c      0x800
 .noinit."WEST_TOPDIR/zephyr/kernel/init.c".2
                0x0805289c      0x800 zephyr/kernel/libkernel.a(init.c.obj)
                0x0805289c                z_interrupt_stacks

.noinit."WEST_TOPDIR/zephyr/kernel/init.c".1
                0x0805309c      0x100
 .noinit."WEST_TOPDIR/zephyr/kernel/init.c".1
                0x0805309c      0x100 zephyr/kernel/libkernel.a(init.c.obj)

.noinit."WEST_TOPDIR/zephyr/kernel/init.c".0
                0x0805319c      0x400
 .noinit."WEST_TOPDIR/zephyr/kernel/init.c".0
                0x0805319c      0x400 zephyr/kernel/libkernel.a(init.c.obj)
                0x0805319c                z_main_stack

.noinit."WEST_TOPDIR/zephyr/kernel/system_work_q.c".0
                0x0805359c      0x400
 .noinit."WEST_TOPDIR/zephyr/kernel/system_work_q.c".0